stm32f4xx_hal_msp.c:73:6:HAL_MspInit	16	static
stm32f4xx_hal_msp.c:97:6:HAL_CAN_MspInit	40	static
stm32f4xx_hal_msp.c:138:6:HAL_CAN_MspDeInit	8	static
stm32f4xx_hal_msp.c:169:6:HAL_SPI_MspInit	40	static
stm32f4xx_hal_msp.c:206:6:HAL_SPI_MspDeInit	0	static
stm32f4xx_hal_msp.c:236:6:HAL_TIM_Base_MspInit	8	static
stm32f4xx_hal_msp.c:252:6:HAL_TIM_MspPostInit	32	static
stm32f4xx_hal_msp.c:285:6:HAL_TIM_Base_MspDeInit	0	static
stm32f4xx_hal_msp.c:307:6:HAL_UART_MspInit	56	static
stm32f4xx_hal_msp.c:441:6:HAL_UART_MspDeInit	8	static
