Archive member included to satisfy reference by file (symbol)

c:/program files (x86)/atollic/truestudio for stm32 9.3.0/armtools/bin/../lib/gcc/arm-atollic-eabi/6.3.1/../../../../arm-atollic-eabi/lib/armv7e-m/fpu\libc_nano.a(lib_a-errno.o)
                              Src\syscalls.o (__errno)
c:/program files (x86)/atollic/truestudio for stm32 9.3.0/armtools/bin/../lib/gcc/arm-atollic-eabi/6.3.1/../../../../arm-atollic-eabi/lib/armv7e-m/fpu\libc_nano.a(lib_a-impure.o)
                              c:/program files (x86)/atollic/truestudio for stm32 9.3.0/armtools/bin/../lib/gcc/arm-atollic-eabi/6.3.1/../../../../arm-atollic-eabi/lib/armv7e-m/fpu\libc_nano.a(lib_a-errno.o) (_impure_ptr)
c:/program files (x86)/atollic/truestudio for stm32 9.3.0/armtools/bin/../lib/gcc/arm-atollic-eabi/6.3.1/../../../../arm-atollic-eabi/lib/armv7e-m/fpu\libc_nano.a(lib_a-init.o)
                              startup\startup_stm32f407xx.o (__libc_init_array)
c:/program files (x86)/atollic/truestudio for stm32 9.3.0/armtools/bin/../lib/gcc/arm-atollic-eabi/6.3.1/../../../../arm-atollic-eabi/lib/armv7e-m/fpu\libc_nano.a(lib_a-memcpy-stub.o)
                              Middlewares\Third_Party\FreeRTOS\Source\CMSIS_RTOS_V2\cmsis_os2.o (memcpy)
c:/program files (x86)/atollic/truestudio for stm32 9.3.0/armtools/bin/../lib/gcc/arm-atollic-eabi/6.3.1/../../../../arm-atollic-eabi/lib/armv7e-m/fpu\libc_nano.a(lib_a-memset.o)
                              Middlewares\Third_Party\FreeRTOS\Source\stream_buffer.o (memset)
c:/program files (x86)/atollic/truestudio for stm32 9.3.0/armtools/bin/../lib/gcc/arm-atollic-eabi/6.3.1/armv7e-m/fpu\libgcc.a(_aeabi_uldivmod.o)
                              Drivers\STM32F4xx_HAL_Driver\Src\stm32f4xx_hal_rcc.o (__aeabi_uldivmod)
c:/program files (x86)/atollic/truestudio for stm32 9.3.0/armtools/bin/../lib/gcc/arm-atollic-eabi/6.3.1/armv7e-m/fpu\libgcc.a(_udivmoddi4.o)
                              c:/program files (x86)/atollic/truestudio for stm32 9.3.0/armtools/bin/../lib/gcc/arm-atollic-eabi/6.3.1/armv7e-m/fpu\libgcc.a(_aeabi_uldivmod.o) (__udivmoddi4)
c:/program files (x86)/atollic/truestudio for stm32 9.3.0/armtools/bin/../lib/gcc/arm-atollic-eabi/6.3.1/armv7e-m/fpu\libgcc.a(_dvmd_tls.o)
                              c:/program files (x86)/atollic/truestudio for stm32 9.3.0/armtools/bin/../lib/gcc/arm-atollic-eabi/6.3.1/armv7e-m/fpu\libgcc.a(_aeabi_uldivmod.o) (__aeabi_ldiv0)

Allocating common symbols
Common symbol       size              file

defaultTaskHandle   0x4               Src\main.o
xTimeOut            0x8               Src\main.o
xTicksToWait        0x4               Src\main.o
uwTick              0x4               Drivers\STM32F4xx_HAL_Driver\Src\stm32f4xx_hal.o
xQueueRegistry      0x40              Middlewares\Third_Party\FreeRTOS\Source\queue.o
pFlash              0x20              Drivers\STM32F4xx_HAL_Driver\Src\stm32f4xx_hal_flash.o
myTask02Handle      0x4               Src\main.o
counter             0x1               Src\main.o
myCountingSem01Handle
                    0x4               Src\main.o
htim6               0x40              Src\main.o
htim1               0x40              Src\stm32f4xx_hal_timebase_tim.o
myTimer01Handle     0x4               Src\main.o
myBinarySem01Handle
                    0x4               Src\main.o
speed               0x1               Src\main.o

Discarded input sections

 .text          0x00000000        0x0 c:/program files (x86)/atollic/truestudio for stm32 9.3.0/armtools/bin/../lib/gcc/arm-atollic-eabi/6.3.1/armv7e-m/fpu/crti.o
 .data          0x00000000        0x0 c:/program files (x86)/atollic/truestudio for stm32 9.3.0/armtools/bin/../lib/gcc/arm-atollic-eabi/6.3.1/armv7e-m/fpu/crti.o
 .bss           0x00000000        0x0 c:/program files (x86)/atollic/truestudio for stm32 9.3.0/armtools/bin/../lib/gcc/arm-atollic-eabi/6.3.1/armv7e-m/fpu/crti.o
 .data          0x00000000        0x4 c:/program files (x86)/atollic/truestudio for stm32 9.3.0/armtools/bin/../lib/gcc/arm-atollic-eabi/6.3.1/armv7e-m/fpu/crtbegin.o
 .text          0x00000000        0x0 Drivers\STM32F4xx_HAL_Driver\Src\stm32f4xx_hal.o
 .data          0x00000000        0x0 Drivers\STM32F4xx_HAL_Driver\Src\stm32f4xx_hal.o
 .bss           0x00000000        0x0 Drivers\STM32F4xx_HAL_Driver\Src\stm32f4xx_hal.o
 .text.HAL_MspInit
                0x00000000        0x2 Drivers\STM32F4xx_HAL_Driver\Src\stm32f4xx_hal.o
 .text.HAL_MspDeInit
                0x00000000        0x2 Drivers\STM32F4xx_HAL_Driver\Src\stm32f4xx_hal.o
 .text.HAL_DeInit
                0x00000000       0x2c Drivers\STM32F4xx_HAL_Driver\Src\stm32f4xx_hal.o
 .text.HAL_InitTick
                0x00000000       0x48 Drivers\STM32F4xx_HAL_Driver\Src\stm32f4xx_hal.o
 .text.HAL_GetTickPrio
                0x00000000        0xc Drivers\STM32F4xx_HAL_Driver\Src\stm32f4xx_hal.o
 .text.HAL_SetTickFreq
                0x00000000       0x28 Drivers\STM32F4xx_HAL_Driver\Src\stm32f4xx_hal.o
 .text.HAL_GetTickFreq
[...]
Memory Configuration

Name             Origin             Length             Attributes
RAM              0x20000000         0x00020000         xrw
CCMRAM           0x10000000         0x00010000         xrw
FLASH            0x08000000         0x00100000         xr
*default*        0x00000000         0xffffffff

Linker script and memory map

LOAD c:/program files (x86)/atollic/truestudio for stm32 9.3.0/armtools/bin/../lib/gcc/arm-atollic-eabi/6.3.1/armv7e-m/fpu/crti.o
LOAD c:/program files (x86)/atollic/truestudio for stm32 9.3.0/armtools/bin/../lib/gcc/arm-atollic-eabi/6.3.1/armv7e-m/fpu/crtbegin.o
LOAD Drivers\STM32F4xx_HAL_Driver\Src\stm32f4xx_hal.o
LOAD Drivers\STM32F4xx_HAL_Driver\Src\stm32f4xx_hal_cortex.o
LOAD Drivers\STM32F4xx_HAL_Driver\Src\stm32f4xx_hal_dma.o
LOAD Drivers\STM32F4xx_HAL_Driver\Src\stm32f4xx_hal_dma_ex.o
LOAD Drivers\STM32F4xx_HAL_Driver\Src\stm32f4xx_hal_exti.o
LOAD Drivers\STM32F4xx_HAL_Driver\Src\stm32f4xx_hal_flash.o
LOAD Drivers\STM32F4xx_HAL_Driver\Src\stm32f4xx_hal_flash_ex.o
LOAD Drivers\STM32F4xx_HAL_Driver\Src\stm32f4xx_hal_flash_ramfunc.o
LOAD Drivers\STM32F4xx_HAL_Driver\Src\stm32f4xx_hal_gpio.o
LOAD Drivers\STM32F4xx_HAL_Driver\Src\stm32f4xx_hal_pwr.o
LOAD Drivers\STM32F4xx_HAL_Driver\Src\stm32f4xx_hal_pwr_ex.o
LOAD Drivers\STM32F4xx_HAL_Driver\Src\stm32f4xx_hal_rcc.o
LOAD Drivers\STM32F4xx_HAL_Driver\Src\stm32f4xx_hal_rcc_ex.o
LOAD Drivers\STM32F4xx_HAL_Driver\Src\stm32f4xx_hal_tim.o
LOAD Drivers\STM32F4xx_HAL_Driver\Src\stm32f4xx_hal_tim_ex.o
LOAD Middlewares\Third_Party\FreeRTOS\Source\CMSIS_RTOS_V2\cmsis_os2.o
LOAD Middlewares\Third_Party\FreeRTOS\Source\croutine.o
LOAD Middlewares\Third_Party\FreeRTOS\Source\event_groups.o
LOAD Middlewares\Third_Party\FreeRTOS\Source\list.o
LOAD Middlewares\Third_Party\FreeRTOS\Source\portable\GCC\ARM_CM4F\port.o
LOAD Middlewares\Third_Party\FreeRTOS\Source\portable\MemMang\heap_4.o
LOAD Middlewares\Third_Party\FreeRTOS\Source\queue.o
LOAD Middlewares\Third_Party\FreeRTOS\Source\stream_buffer.o
LOAD Middlewares\Third_Party\FreeRTOS\Source\tasks.o
LOAD Middlewares\Third_Party\FreeRTOS\Source\timers.o
LOAD Src\freertos.o
LOAD Src\main.o
LOAD Src\stm32f4xx_hal_msp.o
LOAD Src\stm32f4xx_hal_timebase_tim.o
LOAD Src\stm32f4xx_it.o
LOAD Src\syscalls.o
LOAD Src\system_stm32f4xx.o
LOAD startup\startup_stm32f407xx.o
                0x00000080                malloc_getpagesize_P = 0x80
START GROUP
LOAD c:/program files (x86)/atollic/truestudio for stm32 9.3.0/armtools/bin/../lib/gcc/arm-atollic-eabi/6.3.1/../../../../arm-atollic-eabi/lib/armv7e-m/fpu\libc_nano.a
LOAD c:/program files (x86)/atollic/truestudio for stm32 9.3.0/armtools/bin/../lib/gcc/arm-atollic-eabi/6.3.1/../../../../arm-atollic-eabi/lib/armv7e-m/fpu\libm.a
END GROUP
START GROUP
LOAD c:/program files (x86)/atollic/truestudio for stm32 9.3.0/armtools/bin/../lib/gcc/arm-atollic-eabi/6.3.1/armv7e-m/fpu\libgcc.a
LOAD c:/program files (x86)/atollic/truestudio for stm32 9.3.0/armtools/bin/../lib/gcc/arm-atollic-eabi/6.3.1/../../../../arm-atollic-eabi/lib/armv7e-m/fpu\libc_nano.a
END GROUP
START GROUP
LOAD c:/program files (x86)/atollic/truestudio for stm32 9.3.0/armtools/bin/../lib/gcc/arm-atollic-eabi/6.3.1/armv7e-m/fpu\libgcc.a
LOAD c:/program files (x86)/atollic/truestudio for stm32 9.3.0/armtools/bin/../lib/gcc/arm-atollic-eabi/6.3.1/../../../../arm-atollic-eabi/lib/armv7e-m/fpu\libc_nano.a
LOAD c:/program files (x86)/atollic/truestudio for stm32 9.3.0/armtools/bin/../lib/gcc/arm-atollic-eabi/6.3.1/../../../../arm-atollic-eabi/lib/armv7e-m/fpu\libnosys.a
END GROUP
START GROUP
LOAD c:/program files (x86)/atollic/truestudio for stm32 9.3.0/armtools/bin/../lib/gcc/arm-atollic-eabi/6.3.1/armv7e-m/fpu\libgcc.a
LOAD c:/program files (x86)/atollic/truestudio for stm32 9.3.0/armtools/bin/../lib/gcc/arm-atollic-eabi/6.3.1/../../../../arm-atollic-eabi/lib/armv7e-m/fpu\libc_nano.a
LOAD c:/program files (x86)/atollic/truestudio for stm32 9.3.0/armtools/bin/../lib/gcc/arm-atollic-eabi/6.3.1/../../../../arm-atollic-eabi/lib/armv7e-m/fpu\libnosys.a
END GROUP
LOAD c:/program files (x86)/atollic/truestudio for stm32 9.3.0/armtools/bin/../lib/gcc/arm-atollic-eabi/6.3.1/armv7e-m/fpu/crtend.o
LOAD c:/program files (x86)/atollic/truestudio for stm32 9.3.0/armtools/bin/../lib/gcc/arm-atollic-eabi/6.3.1/armv7e-m/fpu/crtn.o
                0x20020000                _estack = 0x20020000
                0x00000200                _Min_Heap_Size = 0x200
                0x00000400                _Min_Stack_Size = 0x400

.isr_vector     0x08000000      0x188
                0x08000000                . = ALIGN (0x4)
 *(.isr_vector)
 .isr_vector    0x08000000      0x188 startup\startup_stm32f407xx.o
                0x08000000                g_pfnVectors
                0x08000188                . = ALIGN (0x4)

.text           0x08000190     0x3158
                0x08000190                . = ALIGN (0x4)
 *(.text)
 .text          0x08000190       0x40 c:/program files (x86)/atollic/truestudio for stm32 9.3.0/armtools/bin/../lib/gcc/arm-atollic-eabi/6.3.1/armv7e-m/fpu/crtbegin.o
 .text          0x080001d0       0x30 c:/program files (x86)/atollic/truestudio for stm32 9.3.0/armtools/bin/../lib/gcc/arm-atollic-eabi/6.3.1/armv7e-m/fpu\libgcc.a(_aeabi_uldivmod.o)
                0x080001d0                __aeabi_uldivmod
 .text          0x08000200      0x2dc c:/program files (x86)/atollic/truestudio for stm32 9.3.0/armtools/bin/../lib/gcc/arm-atollic-eabi/6.3.1/armv7e-m/fpu\libgcc.a(_udivmoddi4.o)
                0x08000200                __udivmoddi4
 .text          0x080004dc        0x4 c:/program files (x86)/atollic/truestudio for stm32 9.3.0/armtools/bin/../lib/gcc/arm-atollic-eabi/6.3.1/armv7e-m/fpu\libgcc.a(_dvmd_tls.o)
                0x080004dc                __aeabi_idiv0
                0x080004dc                __aeabi_ldiv0
 *(.text*)
 .text.HAL_Init
                0x080004e0       0x34 Drivers\STM32F4xx_HAL_Driver\Src\stm32f4xx_hal.o
                0x080004e0                HAL_Init
 .text.HAL_IncTick
                0x08000514       0x18 Drivers\STM32F4xx_HAL_Driver\Src\stm32f4xx_hal.o
                0x08000514                HAL_IncTick
 .text.HAL_GetTick
                0x0800052c        0xc Drivers\STM32F4xx_HAL_Driver\Src\stm32f4xx_hal.o
                0x0800052c                HAL_GetTick
 .text.HAL_NVIC_SetPriorityGrouping
                0x08000538       0x24 Drivers\STM32F4xx_HAL_Driver\Src\stm32f4xx_hal_cortex.o
                0x08000538                HAL_NVIC_SetPriorityGrouping
 .text.HAL_NVIC_SetPriority
                0x0800055c       0x68 Drivers\STM32F4xx_HAL_Driver\Src\stm32f4xx_hal_cortex.o
                0x0800055c                HAL_NVIC_SetPriority
 .text.HAL_NVIC_EnableIRQ
                0x080005c4       0x1c Drivers\STM32F4xx_HAL_Driver\Src\stm32f4xx_hal_cortex.o
                0x080005c4                HAL_NVIC_EnableIRQ
 .text.HAL_GPIO_Init
                0x080005e0      0x1c0 Drivers\STM32F4xx_HAL_Driver\Src\stm32f4xx_hal_gpio.o
                0x080005e0                HAL_GPIO_Init
 .text.HAL_GPIO_ReadPin
                0x080007a0        0xc Drivers\STM32F4xx_HAL_Driver\Src\stm32f4xx_hal_gpio.o
                0x080007a0                HAL_GPIO_ReadPin
 .text.HAL_GPIO_WritePin
                0x080007ac        0xa Drivers\STM32F4xx_HAL_Driver\Src\stm32f4xx_hal_gpio.o
                0x080007ac                HAL_GPIO_WritePin
 *fill*         0x080007b6        0x2 
 .text.HAL_RCC_OscConfig
                0x080007b8      0x34c Drivers\STM32F4xx_HAL_Driver\Src\stm32f4xx_hal_rcc.o
                0x080007b8                HAL_RCC_OscConfig
 .text.HAL_RCC_GetSysClockFreq
                0x08000b04       0x5c Drivers\STM32F4xx_HAL_Driver\Src\stm32f4xx_hal_rcc.o
                0x08000b04                HAL_RCC_GetSysClockFreq
 .text.HAL_RCC_ClockConfig
                0x08000b60      0x138 Drivers\STM32F4xx_HAL_Driver\Src\stm32f4xx_hal_rcc.o
                0x08000b60                HAL_RCC_ClockConfig
 .text.HAL_RCC_GetPCLK2Freq
                0x08000c98       0x20 Drivers\STM32F4xx_HAL_Driver\Src\stm32f4xx_hal_rcc.o
                0x08000c98                HAL_RCC_GetPCLK2Freq
 .text.HAL_RCC_GetClockConfig
                0x08000cb8       0x3c Drivers\STM32F4xx_HAL_Driver\Src\stm32f4xx_hal_rcc.o
                0x08000cb8                HAL_RCC_GetClockConfig
 .text.HAL_TIM_Base_Start_IT
                0x08000cf4       0x20 Drivers\STM32F4xx_HAL_Driver\Src\stm32f4xx_hal_tim.o
                0x08000cf4                HAL_TIM_Base_Start_IT
 .text.HAL_TIM_OC_DelayElapsedCallback
                0x08000d14        0x2 Drivers\STM32F4xx_HAL_Driver\Src\stm32f4xx_hal_tim.o
                0x08000d14                HAL_TIM_OC_DelayElapsedCallback
 .text.HAL_TIM_IC_CaptureCallback
                0x08000d16        0x2 Drivers\STM32F4xx_HAL_Driver\Src\stm32f4xx_hal_tim.o
                0x08000d16                HAL_TIM_IC_CaptureCallback
 .text.HAL_TIM_PWM_PulseFinishedCallback
                0x08000d18        0x2 Drivers\STM32F4xx_HAL_Driver\Src\stm32f4xx_hal_tim.o
                0x08000d18                HAL_TIM_PWM_PulseFinishedCallback
 .text.HAL_TIM_TriggerCallback
                0x08000d1a        0x2 Drivers\STM32F4xx_HAL_Driver\Src\stm32f4xx_hal_tim.o
                0x08000d1a                HAL_TIM_TriggerCallback
 .text.HAL_TIM_IRQHandler
                0x08000d1c      0x144 Drivers\STM32F4xx_HAL_Driver\Src\stm32f4xx_hal_tim.o
                0x08000d1c                HAL_TIM_IRQHandler
 .text.TIM_Base_SetConfig
                0x08000e60       0xcc Drivers\STM32F4xx_HAL_Driver\Src\stm32f4xx_hal_tim.o
                0x08000e60                TIM_Base_SetConfig
 .text.HAL_TIM_Base_Init
                0x08000f2c       0x34 Drivers\STM32F4xx_HAL_Driver\Src\stm32f4xx_hal_tim.o
                0x08000f2c                HAL_TIM_Base_Init
 .text.HAL_TIMEx_MasterConfigSynchronization
                0x08000f60       0x84 Drivers\STM32F4xx_HAL_Driver\Src\stm32f4xx_hal_tim_ex.o
                0x08000f60                HAL_TIMEx_MasterConfigSynchronization
 .text.HAL_TIMEx_CommutCallback
                0x08000fe4        0x2 Drivers\STM32F4xx_HAL_Driver\Src\stm32f4xx_hal_tim_ex.o
                0x08000fe4                HAL_TIMEx_CommutCallback
 .text.HAL_TIMEx_BreakCallback
                0x08000fe6        0x2 Drivers\STM32F4xx_HAL_Driver\Src\stm32f4xx_hal_tim_ex.o
                0x08000fe6                HAL_TIMEx_BreakCallback
 .text.TimerCallback
                0x08000fe8       0x14 Middlewares\Third_Party\FreeRTOS\Source\CMSIS_RTOS_V2\cmsis_os2.o
 .text.osKernelInitialize
                0x08000ffc       0x38 Middlewares\Third_Party\FreeRTOS\Source\CMSIS_RTOS_V2\cmsis_os2.o
                0x08000ffc                osKernelInitialize
 .text.osKernelStart
                0x08001034       0x40 Middlewares\Third_Party\FreeRTOS\Source\CMSIS_RTOS_V2\cmsis_os2.o
                0x08001034                osKernelStart
 .text.osThreadNew
                0x08001074       0xc0 Middlewares\Third_Party\FreeRTOS\Source\CMSIS_RTOS_V2\cmsis_os2.o
                0x08001074                osThreadNew
 .text.osDelay  0x08001134       0x34 Middlewares\Third_Party\FreeRTOS\Source\CMSIS_RTOS_V2\cmsis_os2.o
                0x08001134                osDelay
 .text.osTimerNew
                0x08001168       0x80 Middlewares\Third_Party\FreeRTOS\Source\CMSIS_RTOS_V2\cmsis_os2.o
                0x08001168                osTimerNew
 .text.osSemaphoreNew
                0x080011e8       0xb0 Middlewares\Third_Party\FreeRTOS\Source\CMSIS_RTOS_V2\cmsis_os2.o
                0x080011e8                osSemaphoreNew
 .text.vApplicationGetIdleTaskMemory
                0x08001298       0x18 Middlewares\Third_Party\FreeRTOS\Source\CMSIS_RTOS_V2\cmsis_os2.o
                0x08001298                vApplicationGetIdleTaskMemory
 .text.vApplicationGetTimerTaskMemory
                0x080012b0       0x18 Middlewares\Third_Party\FreeRTOS\Source\CMSIS_RTOS_V2\cmsis_os2.o
                0x080012b0                vApplicationGetTimerTaskMemory
 .text.vListInitialise
                0x080012c8       0x16 Middlewares\Third_Party\FreeRTOS\Source\list.o
                0x080012c8                vListInitialise
 .text.vListInitialiseItem
                0x080012de        0x6 Middlewares\Third_Party\FreeRTOS\Source\list.o
                0x080012de                vListInitialiseItem
 .text.vListInsertEnd
                0x080012e4       0x18 Middlewares\Third_Party\FreeRTOS\Source\list.o
                0x080012e4                vListInsertEnd
 .text.vListInsert
                0x080012fc       0x2e Middlewares\Third_Party\FreeRTOS\Source\list.o
                0x080012fc                vListInsert
 .text.uxListRemove
                0x0800132a       0x22 Middlewares\Third_Party\FreeRTOS\Source\list.o
                0x0800132a                uxListRemove
 .text.prvTaskExitError
                0x0800134c       0x40 Middlewares\Third_Party\FreeRTOS\Source\portable\GCC\ARM_CM4F\port.o
 .text.unlikely.prvPortStartFirstTask
                0x0800138c       0x28 Middlewares\Third_Party\FreeRTOS\Source\portable\GCC\ARM_CM4F\port.o
 .text.unlikely.vPortEnableVFP
                0x080013b4       0x14 Middlewares\Third_Party\FreeRTOS\Source\portable\GCC\ARM_CM4F\port.o
 .text.pxPortInitialiseStack
                0x080013c8       0x2c Middlewares\Third_Party\FreeRTOS\Source\portable\GCC\ARM_CM4F\port.o
                0x080013c8                pxPortInitialiseStack
 *fill*         0x080013f4        0xc 
 .text.SVC_Handler
                0x08001400       0x24 Middlewares\Third_Party\FreeRTOS\Source\portable\GCC\ARM_CM4F\port.o
                0x08001400                SVC_Handler
 .text.vPortEnterCritical
                0x08001424       0x44 Middlewares\Third_Party\FreeRTOS\Source\portable\GCC\ARM_CM4F\port.o
                0x08001424                vPortEnterCritical
 .text.vPortExitCritical
                0x08001468       0x28 Middlewares\Third_Party\FreeRTOS\Source\portable\GCC\ARM_CM4F\port.o
                0x08001468                vPortExitCritical
 .text.PendSV_Handler
                0x08001490       0x64 Middlewares\Third_Party\FreeRTOS\Source\portable\GCC\ARM_CM4F\port.o
                0x08001490                PendSV_Handler
 .text.SysTick_Handler
                0x080014f4       0x2c Middlewares\Third_Party\FreeRTOS\Source\portable\GCC\ARM_CM4F\port.o
                0x080014f4                SysTick_Handler
 .text.vPortSetupTimerInterrupt
                0x08001520       0x34 Middlewares\Third_Party\FreeRTOS\Source\portable\GCC\ARM_CM4F\port.o
                0x08001520                vPortSetupTimerInterrupt
 .text.xPortStartScheduler
                0x08001554      0x10c Middlewares\Third_Party\FreeRTOS\Source\portable\GCC\ARM_CM4F\port.o
                0x08001554                xPortStartScheduler
 .text.vPortValidateInterruptPriority
                0x08001660       0x5c Middlewares\Third_Party\FreeRTOS\Source\portable\GCC\ARM_CM4F\port.o
                0x08001660                vPortValidateInterruptPriority
 .text.unlikely.prvInsertBlockIntoFreeList
                0x080016bc       0x48 Middlewares\Third_Party\FreeRTOS\Source\portable\MemMang\heap_4.o
 .text.pvPortMalloc
                0x08001704      0x11c Middlewares\Third_Party\FreeRTOS\Source\portable\MemMang\heap_4.o
                0x08001704                pvPortMalloc
 .text.vPortFree
                0x08001820       0x70 Middlewares\Third_Party\FreeRTOS\Source\portable\MemMang\heap_4.o
                0x08001820                vPortFree
 .text.prvIsQueueEmpty
                0x08001890       0x16 Middlewares\Third_Party\FreeRTOS\Source\queue.o
 .text.unlikely.prvCopyDataToQueue
                0x080018a6       0x66 Middlewares\Third_Party\FreeRTOS\Source\queue.o
 .text.unlikely.prvCopyDataFromQueue
                0x0800190c       0x2a Middlewares\Third_Party\FreeRTOS\Source\queue.o
 .text.prvUnlockQueue
                0x08001936       0x70 Middlewares\Third_Party\FreeRTOS\Source\queue.o
 *fill*         0x080019a6        0x2 
 .text.xQueueGenericReset
                0x080019a8       0x80 Middlewares\Third_Party\FreeRTOS\Source\queue.o
                0x080019a8                xQueueGenericReset
 .text.xQueueGenericCreateStatic
                0x08001a28       0x9a Middlewares\Third_Party\FreeRTOS\Source\queue.o
                0x08001a28                xQueueGenericCreateStatic
 .text.xQueueGenericCreate
                0x08001ac2       0x4e Middlewares\Third_Party\FreeRTOS\Source\queue.o
                0x08001ac2                xQueueGenericCreate
 .text.xQueueCreateCountingSemaphoreStatic
                0x08001b10       0x44 Middlewares\Third_Party\FreeRTOS\Source\queue.o
                0x08001b10                xQueueCreateCountingSemaphoreStatic
 .text.xQueueCreateCountingSemaphore
                0x08001b54       0x3c Middlewares\Third_Party\FreeRTOS\Source\queue.o
                0x08001b54                xQueueCreateCountingSemaphore
 .text.xQueueGenericSend
                0x08001b90      0x16c Middlewares\Third_Party\FreeRTOS\Source\queue.o
                0x08001b90                xQueueGenericSend
 .text.xQueueGenericSendFromISR
                0x08001cfc       0xc4 Middlewares\Third_Party\FreeRTOS\Source\queue.o
                0x08001cfc                xQueueGenericSendFromISR
 .text.xQueueReceive
                0x08001dc0      0x148 Middlewares\Third_Party\FreeRTOS\Source\queue.o
                0x08001dc0                xQueueReceive
 .text.vQueueAddToRegistry
                0x08001f08       0x24 Middlewares\Third_Party\FreeRTOS\Source\queue.o
                0x08001f08                vQueueAddToRegistry
 .text.vQueueUnregisterQueue
                0x08001f2c       0x28 Middlewares\Third_Party\FreeRTOS\Source\queue.o
                0x08001f2c                vQueueUnregisterQueue
 .text.vQueueDelete
                0x08001f54       0x2e Middlewares\Third_Party\FreeRTOS\Source\queue.o
                0x08001f54                vQueueDelete
 .text.vQueueWaitForMessageRestricted
                0x08001f82       0x46 Middlewares\Third_Party\FreeRTOS\Source\queue.o
                0x08001f82                vQueueWaitForMessageRestricted
 .text.prvAddNewTaskToReadyList
                0x08001fc8       0xfc Middlewares\Third_Party\FreeRTOS\Source\tasks.o
 .text.prvResetNextTaskUnblockTime
                0x080020c4       0x24 Middlewares\Third_Party\FreeRTOS\Source\tasks.o
 .text.prvInitialiseNewTask.isra.2
                0x080020e8       0x88 Middlewares\Third_Party\FreeRTOS\Source\tasks.o
 .text.prvDeleteTCB
                0x08002170       0x36 Middlewares\Third_Party\FreeRTOS\Source\tasks.o
 *fill*         0x080021a6        0x2 
 .text.prvIdleTask
                0x080021a8       0x64 Middlewares\Third_Party\FreeRTOS\Source\tasks.o
 .text.prvAddCurrentTaskToDelayedList
                0x0800220c       0x74 Middlewares\Third_Party\FreeRTOS\Source\tasks.o
 .text.xTaskCreateStatic
                0x08002280       0x6e Middlewares\Third_Party\FreeRTOS\Source\tasks.o
                0x08002280                xTaskCreateStatic
 .text.xTaskCreate
                0x080022ee       0x5a Middlewares\Third_Party\FreeRTOS\Source\tasks.o
                0x080022ee                xTaskCreate
 .text.vTaskStartScheduler
                0x08002348       0x88 Middlewares\Third_Party\FreeRTOS\Source\tasks.o
                0x08002348                vTaskStartScheduler
 .text.vTaskSuspendAll
                0x080023d0       0x10 Middlewares\Third_Party\FreeRTOS\Source\tasks.o
                0x080023d0                vTaskSuspendAll
 .text.xTaskGetTickCount
                0x080023e0        0xc Middlewares\Third_Party\FreeRTOS\Source\tasks.o
                0x080023e0                xTaskGetTickCount
 .text.xTaskIncrementTick
                0x080023ec      0x120 Middlewares\Third_Party\FreeRTOS\Source\tasks.o
                0x080023ec                xTaskIncrementTick
 .text.xTaskResumeAll
                0x0800250c       0xe8 Middlewares\Third_Party\FreeRTOS\Source\tasks.o
                0x0800250c                xTaskResumeAll
 .text.vTaskDelayUntil
                0x080025f4       0x98 Middlewares\Third_Party\FreeRTOS\Source\tasks.o
                0x080025f4                vTaskDelayUntil
 .text.vTaskDelay
                0x0800268c       0x48 Middlewares\Third_Party\FreeRTOS\Source\tasks.o
                0x0800268c                vTaskDelay
 .text.vTaskSwitchContext
                0x080026d4       0x78 Middlewares\Third_Party\FreeRTOS\Source\tasks.o
                0x080026d4                vTaskSwitchContext
 .text.vTaskPlaceOnEventList
                0x0800274c       0x34 Middlewares\Third_Party\FreeRTOS\Source\tasks.o
                0x0800274c                vTaskPlaceOnEventList
 .text.vTaskPlaceOnEventListRestricted
                0x08002780       0x3c Middlewares\Third_Party\FreeRTOS\Source\tasks.o
                0x08002780                vTaskPlaceOnEventListRestricted
 .text.xTaskRemoveFromEventList
                0x080027bc       0x80 Middlewares\Third_Party\FreeRTOS\Source\tasks.o
                0x080027bc                xTaskRemoveFromEventList
 .text.vTaskSetTimeOutState
                0x0800283c       0x38 Middlewares\Third_Party\FreeRTOS\Source\tasks.o
                0x0800283c                vTaskSetTimeOutState
 .text.vTaskInternalSetTimeOutState
                0x08002874       0x18 Middlewares\Third_Party\FreeRTOS\Source\tasks.o
                0x08002874                vTaskInternalSetTimeOutState
 .text.xTaskCheckForTimeOut
                0x0800288c       0x78 Middlewares\Third_Party\FreeRTOS\Source\tasks.o
                0x0800288c                xTaskCheckForTimeOut
 .text.vTaskMissedYield
                0x08002904        0xc Middlewares\Third_Party\FreeRTOS\Source\tasks.o
                0x08002904                vTaskMissedYield
 .text.xTaskGetSchedulerState
                0x08002910       0x20 Middlewares\Third_Party\FreeRTOS\Source\tasks.o
                0x08002910                xTaskGetSchedulerState
 .text.xTaskPriorityDisinherit
                0x08002930       0x84 Middlewares\Third_Party\FreeRTOS\Source\tasks.o
                0x08002930                xTaskPriorityDisinherit
 .text.prvCheckForValidListAndQueue
                0x080029b4       0x68 Middlewares\Third_Party\FreeRTOS\Source\timers.o
 .text.prvInsertTimerInActiveList
                0x08002a1c       0x3c Middlewares\Third_Party\FreeRTOS\Source\timers.o
 .text.xTimerCreateTimerTask
                0x08002a58       0x68 Middlewares\Third_Party\FreeRTOS\Source\timers.o
                0x08002a58                xTimerCreateTimerTask
 .text.xTimerCreate
                0x08002ac0       0x4e Middlewares\Third_Party\FreeRTOS\Source\timers.o
                0x08002ac0                xTimerCreate
 .text.xTimerCreateStatic
                0x08002b0e       0x78 Middlewares\Third_Party\FreeRTOS\Source\timers.o
                0x08002b0e                xTimerCreateStatic
 *fill*         0x08002b86        0x2 
 .text.xTimerGenericCommand
                0x08002b88       0x58 Middlewares\Third_Party\FreeRTOS\Source\timers.o
                0x08002b88                xTimerGenericCommand
 .text.prvSwitchTimerLists
                0x08002be0       0x7c Middlewares\Third_Party\FreeRTOS\Source\timers.o
 .text.prvTimerTask
                0x08002c5c      0x1e4 Middlewares\Third_Party\FreeRTOS\Source\timers.o
 .text.pvTimerGetTimerID
                0x08002e40       0x26 Middlewares\Third_Party\FreeRTOS\Source\timers.o
                0x08002e40                pvTimerGetTimerID
 .text.Callback01
                0x08002e66        0x2 Src\main.o
                0x08002e66                Callback01
 .text.StartDefaultTask
                0x08002e68        0xa Src\main.o
                0x08002e68                StartDefaultTask
 *fill*         0x08002e72        0x2 
 .text.StartTask02
                0x08002e74       0x64 Src\main.o
                0x08002e74                StartTask02
 .text.SystemClock_Config
                0x08002ed8       0x94 Src\main.o
                0x08002ed8                SystemClock_Config
 .text.startup.main
                0x08002f6c      0x150 Src\main.o
                0x08002f6c                main
 .text.HAL_TIM_PeriodElapsedCallback
                0x080030bc       0x14 Src\main.o
                0x080030bc                HAL_TIM_PeriodElapsedCallback
 .text.HAL_MspInit
                0x080030d0       0x44 Src\stm32f4xx_hal_msp.o
                0x080030d0                HAL_MspInit
 .text.HAL_TIM_Base_MspInit
                0x08003114       0x3c Src\stm32f4xx_hal_msp.o
                0x08003114                HAL_TIM_Base_MspInit
 .text.HAL_InitTick
                0x08003150       0x7c Src\stm32f4xx_hal_timebase_tim.o
                0x08003150                HAL_InitTick
 .text.NMI_Handler
                0x080031cc        0x2 Src\stm32f4xx_it.o
                0x080031cc                NMI_Handler
 .text.HardFault_Handler
                0x080031ce        0x2 Src\stm32f4xx_it.o
                0x080031ce                HardFault_Handler
 .text.MemManage_Handler
                0x080031d0        0x2 Src\stm32f4xx_it.o
                0x080031d0                MemManage_Handler
 .text.BusFault_Handler
                0x080031d2        0x2 Src\stm32f4xx_it.o
                0x080031d2                BusFault_Handler
 .text.UsageFault_Handler
                0x080031d4        0x2 Src\stm32f4xx_it.o
                0x080031d4                UsageFault_Handler
 .text.DebugMon_Handler
                0x080031d6        0x2 Src\stm32f4xx_it.o
                0x080031d6                DebugMon_Handler
 .text.TIM1_UP_TIM10_IRQHandler
                0x080031d8        0xc Src\stm32f4xx_it.o
                0x080031d8                TIM1_UP_TIM10_IRQHandler
 .text.TIM6_DAC_IRQHandler
                0x080031e4        0xc Src\stm32f4xx_it.o
                0x080031e4                TIM6_DAC_IRQHandler
 .text.SystemInit
                0x080031f0       0x1c Src\system_stm32f4xx.o
                0x080031f0                SystemInit
 .text.Reset_Handler
                0x0800320c       0x50 startup\startup_stm32f407xx.o
                0x0800320c                Reset_Handler
 .text.Default_Handler
                0x0800325c        0x2 startup\startup_stm32f407xx.o
                0x0800325c                RTC_Alarm_IRQHandler
                0x0800325c                HASH_RNG_IRQHandler
                0x0800325c                EXTI2_IRQHandler
                0x0800325c                TIM8_CC_IRQHandler
                0x0800325c                TIM1_CC_IRQHandler
                0x0800325c                DMA2_Stream5_IRQHandler
                0x0800325c                DMA1_Stream5_IRQHandler
                0x0800325c                PVD_IRQHandler
                0x0800325c                SDIO_IRQHandler
                0x0800325c                TAMP_STAMP_IRQHandler
                0x0800325c                CAN2_RX1_IRQHandler
                0x0800325c                EXTI3_IRQHandler
                0x0800325c                TIM8_TRG_COM_TIM14_IRQHandler
                0x0800325c                TIM8_UP_TIM13_IRQHandler
                0x0800325c                I2C3_ER_IRQHandler
                0x0800325c                EXTI0_IRQHandler
                0x0800325c                I2C2_EV_IRQHandler
                0x0800325c                DMA1_Stream2_IRQHandler
                0x0800325c                CAN1_RX0_IRQHandler
                0x0800325c                FPU_IRQHandler
                0x0800325c                OTG_HS_WKUP_IRQHandler
                0x0800325c                CAN2_SCE_IRQHandler
                0x0800325c                DMA2_Stream2_IRQHandler
                0x0800325c                SPI1_IRQHandler
                0x0800325c                TIM1_BRK_TIM9_IRQHandler
                0x0800325c                DCMI_IRQHandler
                0x0800325c                CAN2_RX0_IRQHandler
                0x0800325c                DMA2_Stream3_IRQHandler
                0x0800325c                USART6_IRQHandler
                0x0800325c                USART3_IRQHandler
                0x0800325c                CAN1_RX1_IRQHandler
                0x0800325c                UART5_IRQHandler
                0x0800325c                DMA2_Stream0_IRQHandler
                0x0800325c                TIM4_IRQHandler
                0x0800325c                I2C1_EV_IRQHandler
                0x0800325c                DMA1_Stream6_IRQHandler
                0x0800325c                DMA1_Stream1_IRQHandler
                0x0800325c                UART4_IRQHandler
                0x0800325c                TIM3_IRQHandler
                0x0800325c                RCC_IRQHandler
                0x0800325c                TIM8_BRK_TIM12_IRQHandler
                0x0800325c                Default_Handler
                0x0800325c                EXTI15_10_IRQHandler
                0x0800325c                ADC_IRQHandler
                0x0800325c                DMA1_Stream7_IRQHandler
                0x0800325c                TIM7_IRQHandler
                0x0800325c                CAN2_TX_IRQHandler
                0x0800325c                TIM5_IRQHandler
                0x0800325c                DMA2_Stream7_IRQHandler
                0x0800325c                I2C3_EV_IRQHandler
                0x0800325c                EXTI9_5_IRQHandler
                0x0800325c                RTC_WKUP_IRQHandler
                0x0800325c                ETH_WKUP_IRQHandler
                0x0800325c                SPI2_IRQHandler
                0x0800325c                OTG_HS_EP1_IN_IRQHandler
                0x0800325c                DMA1_Stream0_IRQHandler
                0x0800325c                CAN1_TX_IRQHandler
                0x0800325c                EXTI4_IRQHandler
                0x0800325c                FSMC_IRQHandler
                0x0800325c                ETH_IRQHandler
                0x0800325c                OTG_HS_EP1_OUT_IRQHandler
                0x0800325c                WWDG_IRQHandler
                0x0800325c                TIM2_IRQHandler
                0x0800325c                OTG_FS_WKUP_IRQHandler
                0x0800325c                TIM1_TRG_COM_TIM11_IRQHandler
                0x0800325c                OTG_HS_IRQHandler
                0x0800325c                EXTI1_IRQHandler
                0x0800325c                USART2_IRQHandler
                0x0800325c                I2C2_ER_IRQHandler
                0x0800325c                DMA2_Stream1_IRQHandler
                0x0800325c                CAN1_SCE_IRQHandler
                0x0800325c                FLASH_IRQHandler
                0x0800325c                DMA2_Stream4_IRQHandler
                0x0800325c                USART1_IRQHandler
                0x0800325c                OTG_FS_IRQHandler
                0x0800325c                SPI3_IRQHandler
                0x0800325c                DMA1_Stream4_IRQHandler
                0x0800325c                I2C1_ER_IRQHandler
                0x0800325c                DMA2_Stream6_IRQHandler
                0x0800325c                DMA1_Stream3_IRQHandler
 *fill*         0x0800325e        0x2 
 .text.__libc_init_array
                0x08003260       0x48 c:/program files (x86)/atollic/truestudio for stm32 9.3.0/armtools/bin/../lib/gcc/arm-atollic-eabi/6.3.1/../../../../arm-atollic-eabi/lib/armv7e-m/fpu\libc_nano.a(lib_a-init.o)
                0x08003260                __libc_init_array
 .text.memcpy   0x080032a8       0x16 c:/program files (x86)/atollic/truestudio for stm32 9.3.0/armtools/bin/../lib/gcc/arm-atollic-eabi/6.3.1/../../../../arm-atollic-eabi/lib/armv7e-m/fpu\libc_nano.a(lib_a-memcpy-stub.o)
                0x080032a8                memcpy
 .text.memset   0x080032be       0x10 c:/program files (x86)/atollic/truestudio for stm32 9.3.0/armtools/bin/../lib/gcc/arm-atollic-eabi/6.3.1/../../../../arm-atollic-eabi/lib/armv7e-m/fpu\libc_nano.a(lib_a-memset.o)
                0x080032be                memset
 *(.glue_7)
 .glue_7        0x080032ce        0x0 linker stubs
 *(.glue_7t)
 .glue_7t       0x080032ce        0x0 linker stubs
 *(.eh_frame)
 *fill*         0x080032ce        0x2 
 .eh_frame      0x080032d0        0x0 c:/program files (x86)/atollic/truestudio for stm32 9.3.0/armtools/bin/../lib/gcc/arm-atollic-eabi/6.3.1/armv7e-m/fpu/crtbegin.o
 *(.init)
 .init          0x080032d0        0x4 c:/program files (x86)/atollic/truestudio for stm32 9.3.0/armtools/bin/../lib/gcc/arm-atollic-eabi/6.3.1/armv7e-m/fpu/crti.o
                0x080032d0                _init
 .init          0x080032d4        0x8 c:/program files (x86)/atollic/truestudio for stm32 9.3.0/armtools/bin/../lib/gcc/arm-atollic-eabi/6.3.1/armv7e-m/fpu/crtn.o
 *(.fini)
 .fini          0x080032dc        0x4 c:/program files (x86)/atollic/truestudio for stm32 9.3.0/armtools/bin/../lib/gcc/arm-atollic-eabi/6.3.1/armv7e-m/fpu/crti.o
                0x080032dc                _fini
 .fini          0x080032e0        0x8 c:/program files (x86)/atollic/truestudio for stm32 9.3.0/armtools/bin/../lib/gcc/arm-atollic-eabi/6.3.1/armv7e-m/fpu/crtn.o
                0x080032e8                . = ALIGN (0x4)
                0x080032e8                _etext = .

.vfp11_veneer   0x080032e8        0x0
 .vfp11_veneer  0x080032e8        0x0 linker stubs

.v4_bx          0x080032e8        0x0
 .v4_bx         0x080032e8        0x0 linker stubs

.iplt           0x080032e8        0x0
 .iplt          0x080032e8        0x0 c:/program files (x86)/atollic/truestudio for stm32 9.3.0/armtools/bin/../lib/gcc/arm-atollic-eabi/6.3.1/armv7e-m/fpu/crtbegin.o

.rodata         0x080032e8       0xe4
                0x080032e8                . = ALIGN (0x4)
 *(.rodata)
 *(.rodata*)
 .rodata.vTaskStartScheduler.str1.1
                0x080032e8        0x5 Middlewares\Third_Party\FreeRTOS\Source\tasks.o
 .rodata.prvCheckForValidListAndQueue.str1.1
                0x080032ed        0x5 Middlewares\Third_Party\FreeRTOS\Source\timers.o
 .rodata.xTimerCreateTimerTask.str1.1
                0x080032f2        0x8 Middlewares\Third_Party\FreeRTOS\Source\timers.o
 *fill*         0x080032fa        0x2 
 .rodata.defaultTask_attributes
                0x080032fc       0x24 Src\main.o
                0x080032fc                defaultTask_attributes
 .rodata.myBinarySem01_attributes
                0x08003320       0x10 Src\main.o
                0x08003320                myBinarySem01_attributes
 .rodata.myCountingSem01_attributes
                0x08003330       0x10 Src\main.o
                0x08003330                myCountingSem01_attributes
 .rodata.myTask02_attributes
                0x08003340       0x24 Src\main.o
                0x08003340                myTask02_attributes
 .rodata.myTimer01_attributes
                0x08003364       0x10 Src\main.o
                0x08003364                myTimer01_attributes
 .rodata.str1.1
                0x08003374       0x3d Src\main.o
 .rodata.AHBPrescTable
                0x080033b1       0x10 Src\system_stm32f4xx.o
                0x080033b1                AHBPrescTable
 .rodata.APBPrescTable
                0x080033c1        0x8 Src\system_stm32f4xx.o
                0x080033c1                APBPrescTable
                0x080033cc                . = ALIGN (0x4)
 *fill*         0x080033c9        0x3 

.ARM.extab
 *(.ARM.extab* .gnu.linkonce.armextab.*)

.ARM            0x080033cc        0x8
                0x080033cc                __exidx_start = .
 *(.ARM.exidx*)
 .ARM.exidx     0x080033cc        0x8 c:/program files (x86)/atollic/truestudio for stm32 9.3.0/armtools/bin/../lib/gcc/arm-atollic-eabi/6.3.1/armv7e-m/fpu\libgcc.a(_udivmoddi4.o)
                0x080033d4                __exidx_end = .

.rel.dyn        0x080033d4        0x0
 .rel.iplt      0x080033d4        0x0 c:/program files (x86)/atollic/truestudio for stm32 9.3.0/armtools/bin/../lib/gcc/arm-atollic-eabi/6.3.1/armv7e-m/fpu/crtbegin.o

.preinit_array  0x080033d4        0x0
                0x080033d4                PROVIDE (__preinit_array_start, .)
 *(.preinit_array*)
                0x080033d4                PROVIDE (__preinit_array_end, .)

.init_array     0x080033d4        0x4
                0x080033d4                PROVIDE (__init_array_start, .)
 *(SORT(.init_array.*))
 *(.init_array*)
 .init_array    0x080033d4        0x4 c:/program files (x86)/atollic/truestudio for stm32 9.3.0/armtools/bin/../lib/gcc/arm-atollic-eabi/6.3.1/armv7e-m/fpu/crtbegin.o
                0x080033d8                PROVIDE (__init_array_end, .)

.fini_array     0x080033d8        0x4
                [!provide]                PROVIDE (__fini_array_start, .)
 *(SORT(.fini_array.*))
 *(.fini_array*)
 .fini_array    0x080033d8        0x4 c:/program files (x86)/atollic/truestudio for stm32 9.3.0/armtools/bin/../lib/gcc/arm-atollic-eabi/6.3.1/armv7e-m/fpu/crtbegin.o
                [!provide]                PROVIDE (__fini_array_end, .)
                0x080033dc                _sidata = LOADADDR (.data)

.data           0x20000000       0x10 load address 0x080033dc
                0x20000000                . = ALIGN (0x4)
                0x20000000                _sdata = .
 *(.data)
 *(.data*)
 .data.uwTickFreq
                0x20000000        0x1 Drivers\STM32F4xx_HAL_Driver\Src\stm32f4xx_hal.o
                0x20000000                uwTickFreq
 *fill*         0x20000001        0x3 
 .data.uwTickPrio
                0x20000004        0x4 Drivers\STM32F4xx_HAL_Driver\Src\stm32f4xx_hal.o
                0x20000004                uwTickPrio
 .data.uxCriticalNesting
                0x20000008        0x4 Middlewares\Third_Party\FreeRTOS\Source\portable\GCC\ARM_CM4F\port.o
 .data.SystemCoreClock
                0x2000000c        0x4 Src\system_stm32f4xx.o
                0x2000000c                SystemCoreClock
                0x20000010                . = ALIGN (0x4)
                0x20000010                _edata = .
                0x080033ec                _siccmram = LOADADDR (.ccmram)

.igot.plt       0x20000010        0x0 load address 0x080033ec
 .igot.plt      0x20000010        0x0 c:/program files (x86)/atollic/truestudio for stm32 9.3.0/armtools/bin/../lib/gcc/arm-atollic-eabi/6.3.1/armv7e-m/fpu/crtbegin.o

.ccmram         0x10000000        0x0 load address 0x080033ec
                0x10000000                . = ALIGN (0x4)
                0x10000000                _sccmram = .
 *(.ccmram)
 *(.ccmram*)
                0x10000000                . = ALIGN (0x4)
                0x10000000                _eccmram = .
                0x10000000                . = ALIGN (0x4)

.bss            0x20000010     0x4a0c
                0x20000010                _sbss = .
                0x20000010                __bss_start__ = _sbss
 *(.bss)
 .bss           0x20000010       0x1c c:/program files (x86)/atollic/truestudio for stm32 9.3.0/armtools/bin/../lib/gcc/arm-atollic-eabi/6.3.1/armv7e-m/fpu/crtbegin.o
 *(.bss*)
 .bss.Idle_Stack
                0x2000002c      0x200 Middlewares\Third_Party\FreeRTOS\Source\CMSIS_RTOS_V2\cmsis_os2.o
 .bss.Idle_TCB  0x2000022c       0x5c Middlewares\Third_Party\FreeRTOS\Source\CMSIS_RTOS_V2\cmsis_os2.o
 .bss.KernelState
                0x20000288        0x4 Middlewares\Third_Party\FreeRTOS\Source\CMSIS_RTOS_V2\cmsis_os2.o
 .bss.Timer_Stack
                0x2000028c      0x400 Middlewares\Third_Party\FreeRTOS\Source\CMSIS_RTOS_V2\cmsis_os2.o
 .bss.Timer_TCB
                0x2000068c       0x5c Middlewares\Third_Party\FreeRTOS\Source\CMSIS_RTOS_V2\cmsis_os2.o
 .bss.ucMaxSysCallPriority
                0x200006e8        0x1 Middlewares\Third_Party\FreeRTOS\Source\portable\GCC\ARM_CM4F\port.o
 *fill*         0x200006e9        0x3 
 .bss.ulMaxPRIGROUPValue
                0x200006ec        0x4 Middlewares\Third_Party\FreeRTOS\Source\portable\GCC\ARM_CM4F\port.o
 .bss.pxEnd     0x200006f0        0x4 Middlewares\Third_Party\FreeRTOS\Source\portable\MemMang\heap_4.o
 .bss.ucHeap    0x200006f4     0x3c00 Middlewares\Third_Party\FreeRTOS\Source\portable\MemMang\heap_4.o
 .bss.xBlockAllocatedBit
                0x200042f4        0x4 Middlewares\Third_Party\FreeRTOS\Source\portable\MemMang\heap_4.o
 .bss.xFreeBytesRemaining
                0x200042f8        0x4 Middlewares\Third_Party\FreeRTOS\Source\portable\MemMang\heap_4.o
 .bss.xMinimumEverFreeBytesRemaining
                0x200042fc        0x4 Middlewares\Third_Party\FreeRTOS\Source\portable\MemMang\heap_4.o
 .bss.xStart    0x20004300        0x8 Middlewares\Third_Party\FreeRTOS\Source\portable\MemMang\heap_4.o
 .bss.pxCurrentTCB
                0x20004308        0x4 Middlewares\Third_Party\FreeRTOS\Source\tasks.o
                0x20004308                pxCurrentTCB
 .bss.pxDelayedTaskList
                0x2000430c        0x4 Middlewares\Third_Party\FreeRTOS\Source\tasks.o
 .bss.pxOverflowDelayedTaskList
                0x20004310        0x4 Middlewares\Third_Party\FreeRTOS\Source\tasks.o
 .bss.pxReadyTasksLists
                0x20004314      0x460 Middlewares\Third_Party\FreeRTOS\Source\tasks.o
 .bss.uxCurrentNumberOfTasks
                0x20004774        0x4 Middlewares\Third_Party\FreeRTOS\Source\tasks.o
 .bss.uxDeletedTasksWaitingCleanUp
                0x20004778        0x4 Middlewares\Third_Party\FreeRTOS\Source\tasks.o
 .bss.uxPendedTicks
                0x2000477c        0x4 Middlewares\Third_Party\FreeRTOS\Source\tasks.o
 .bss.uxSchedulerSuspended
                0x20004780        0x4 Middlewares\Third_Party\FreeRTOS\Source\tasks.o
 .bss.uxTaskNumber
                0x20004784        0x4 Middlewares\Third_Party\FreeRTOS\Source\tasks.o
 .bss.uxTopReadyPriority
                0x20004788        0x4 Middlewares\Third_Party\FreeRTOS\Source\tasks.o
 .bss.xDelayedTaskList1
                0x2000478c       0x14 Middlewares\Third_Party\FreeRTOS\Source\tasks.o
 .bss.xDelayedTaskList2
                0x200047a0       0x14 Middlewares\Third_Party\FreeRTOS\Source\tasks.o
 .bss.xNextTaskUnblockTime
                0x200047b4        0x4 Middlewares\Third_Party\FreeRTOS\Source\tasks.o
 .bss.xNumOfOverflows
                0x200047b8        0x4 Middlewares\Third_Party\FreeRTOS\Source\tasks.o
 .bss.xPendingReadyList
                0x200047bc       0x14 Middlewares\Third_Party\FreeRTOS\Source\tasks.o
 .bss.xSchedulerRunning
                0x200047d0        0x4 Middlewares\Third_Party\FreeRTOS\Source\tasks.o
 .bss.xSuspendedTaskList
                0x200047d4       0x14 Middlewares\Third_Party\FreeRTOS\Source\tasks.o
 .bss.xTasksWaitingTermination
                0x200047e8       0x14 Middlewares\Third_Party\FreeRTOS\Source\tasks.o
 .bss.xTickCount
                0x200047fc        0x4 Middlewares\Third_Party\FreeRTOS\Source\tasks.o
 .bss.xYieldPending
                0x20004800        0x4 Middlewares\Third_Party\FreeRTOS\Source\tasks.o
 .bss.pxCurrentTimerList
                0x20004804        0x4 Middlewares\Third_Party\FreeRTOS\Source\timers.o
 .bss.pxOverflowTimerList
                0x20004808        0x4 Middlewares\Third_Party\FreeRTOS\Source\timers.o
 .bss.ucStaticTimerQueueStorage.6636
                0x2000480c       0xa0 Middlewares\Third_Party\FreeRTOS\Source\timers.o
 .bss.xActiveTimerList1
                0x200048ac       0x14 Middlewares\Third_Party\FreeRTOS\Source\timers.o
 .bss.xActiveTimerList2
                0x200048c0       0x14 Middlewares\Third_Party\FreeRTOS\Source\timers.o
 .bss.xLastTime.6585
                0x200048d4        0x4 Middlewares\Third_Party\FreeRTOS\Source\timers.o
 .bss.xStaticTimerQueue.6635
                0x200048d8       0x50 Middlewares\Third_Party\FreeRTOS\Source\timers.o
 .bss.xTimerQueue
                0x20004928        0x4 Middlewares\Third_Party\FreeRTOS\Source\timers.o
 .bss.xTimerTaskHandle
                0x2000492c        0x4 Middlewares\Third_Party\FreeRTOS\Source\timers.o
 *(COMMON)
 COMMON         0x20004930        0x4 Drivers\STM32F4xx_HAL_Driver\Src\stm32f4xx_hal.o
                0x20004930                uwTick
 COMMON         0x20004934       0x40 Middlewares\Third_Party\FreeRTOS\Source\queue.o
                0x20004934                xQueueRegistry
 COMMON         0x20004974       0x65 Src\main.o
                0x20004974                defaultTaskHandle
                0x20004978                xTimeOut
                0x20004980                xTicksToWait
                0x20004984                myTask02Handle
                0x20004988                counter
                0x2000498c                myCountingSem01Handle
                0x20004990                htim6
                0x200049d0                myTimer01Handle
                0x200049d4                myBinarySem01Handle
                0x200049d8                speed
 *fill*         0x200049d9        0x3 
 COMMON         0x200049dc       0x40 Src\stm32f4xx_hal_timebase_tim.o
                0x200049dc                htim1
                0x20004a1c                . = ALIGN (0x4)
                0x20004a1c                _ebss = .
                0x20004a1c                __bss_end__ = _ebss

._user_heap_stack
                0x20004a1c      0x600
                0x20004a1c                . = ALIGN (0x4)
                0x20004a1c                PROVIDE (end, .)
                [!provide]                PROVIDE (_end, .)
                0x20004c1c                . = (. + _Min_Heap_Size)
 *fill*         0x20004a1c      0x200 
                0x2000501c                . = (. + _Min_Stack_Size)
 *fill*         0x20004c1c      0x400 
                0x2000501c                . = ALIGN (0x4)

/DISCARD/
 libc.a(*)
 libm.a(*)
 libgcc.a(*)

.ARM.attributes
                0x00000000       0x30
 *(.ARM.attributes)
 .ARM.attributes
                0x00000000       0x22 c:/program files (x86)/atollic/truestudio for stm32 9.3.0/armtools/bin/../lib/gcc/arm-atollic-eabi/6.3.1/armv7e-m/fpu/crti.o
 .ARM.attributes
                0x00000022       0x34 c:/program files (x86)/atollic/truestudio for stm32 9.3.0/armtools/bin/../lib/gcc/arm-atollic-eabi/6.3.1/armv7e-m/fpu/crtbegin.o
 .ARM.attributes
                0x00000056       0x39 Drivers\STM32F4xx_HAL_Driver\Src\stm32f4xx_hal.o
 .ARM.attributes
                0x0000008f       0x39 Drivers\STM32F4xx_HAL_Driver\Src\stm32f4xx_hal_cortex.o
 .ARM.attributes
                0x000000c8       0x39 Drivers\STM32F4xx_HAL_Driver\Src\stm32f4xx_hal_gpio.o
 .ARM.attributes
                0x00000101       0x39 Drivers\STM32F4xx_HAL_Driver\Src\stm32f4xx_hal_rcc.o
 .ARM.attributes
                0x0000013a       0x39 Drivers\STM32F4xx_HAL_Driver\Src\stm32f4xx_hal_tim.o
 .ARM.attributes
                0x00000173       0x39 Drivers\STM32F4xx_HAL_Driver\Src\stm32f4xx_hal_tim_ex.o
 .ARM.attributes
                0x000001ac       0x39 Middlewares\Third_Party\FreeRTOS\Source\CMSIS_RTOS_V2\cmsis_os2.o
 .ARM.attributes
                0x000001e5       0x39 Middlewares\Third_Party\FreeRTOS\Source\list.o
 .ARM.attributes
                0x0000021e       0x39 Middlewares\Third_Party\FreeRTOS\Source\portable\GCC\ARM_CM4F\port.o
 .ARM.attributes
                0x00000257       0x39 Middlewares\Third_Party\FreeRTOS\Source\portable\MemMang\heap_4.o
 .ARM.attributes
                0x00000290       0x39 Middlewares\Third_Party\FreeRTOS\Source\queue.o
 .ARM.attributes
                0x000002c9       0x39 Middlewares\Third_Party\FreeRTOS\Source\tasks.o
 .ARM.attributes
                0x00000302       0x39 Middlewares\Third_Party\FreeRTOS\Source\timers.o
 .ARM.attributes
                0x0000033b       0x39 Src\main.o
 .ARM.attributes
                0x00000374       0x39 Src\stm32f4xx_hal_msp.o
 .ARM.attributes
                0x000003ad       0x39 Src\stm32f4xx_hal_timebase_tim.o
 .ARM.attributes
                0x000003e6       0x39 Src\stm32f4xx_it.o
 .ARM.attributes
                0x0000041f       0x39 Src\system_stm32f4xx.o
 .ARM.attributes
                0x00000458       0x21 startup\startup_stm32f407xx.o
 .ARM.attributes
                0x00000479       0x34 c:/program files (x86)/atollic/truestudio for stm32 9.3.0/armtools/bin/../lib/gcc/arm-atollic-eabi/6.3.1/../../../../arm-atollic-eabi/lib/armv7e-m/fpu\libc_nano.a(lib_a-init.o)
 .ARM.attributes
                0x000004ad       0x34 c:/program files (x86)/atollic/truestudio for stm32 9.3.0/armtools/bin/../lib/gcc/arm-atollic-eabi/6.3.1/../../../../arm-atollic-eabi/lib/armv7e-m/fpu\libc_nano.a(lib_a-memcpy-stub.o)
 .ARM.attributes
                0x000004e1       0x34 c:/program files (x86)/atollic/truestudio for stm32 9.3.0/armtools/bin/../lib/gcc/arm-atollic-eabi/6.3.1/../../../../arm-atollic-eabi/lib/armv7e-m/fpu\libc_nano.a(lib_a-memset.o)
 .ARM.attributes
                0x00000515       0x22 c:/program files (x86)/atollic/truestudio for stm32 9.3.0/armtools/bin/../lib/gcc/arm-atollic-eabi/6.3.1/armv7e-m/fpu\libgcc.a(_aeabi_uldivmod.o)
 .ARM.attributes
                0x00000537       0x34 c:/program files (x86)/atollic/truestudio for stm32 9.3.0/armtools/bin/../lib/gcc/arm-atollic-eabi/6.3.1/armv7e-m/fpu\libgcc.a(_udivmoddi4.o)
 .ARM.attributes
                0x0000056b       0x22 c:/program files (x86)/atollic/truestudio for stm32 9.3.0/armtools/bin/../lib/gcc/arm-atollic-eabi/6.3.1/armv7e-m/fpu\libgcc.a(_dvmd_tls.o)
 .ARM.attributes
                0x0000058d       0x22 c:/program files (x86)/atollic/truestudio for stm32 9.3.0/armtools/bin/../lib/gcc/arm-atollic-eabi/6.3.1/armv7e-m/fpu/crtn.o
OUTPUT(EXTINT_1.elf elf32-littlearm)

.debug_info     0x00000000    0x19f65
 .debug_info    0x00000000      0xa14 Drivers\STM32F4xx_HAL_Driver\Src\stm32f4xx_hal.o
 .debug_info    0x00000a14      0xf8a Drivers\STM32F4xx_HAL_Driver\Src\stm32f4xx_hal_cortex.o
 .debug_info    0x0000199e      0x7c6 Drivers\STM32F4xx_HAL_Driver\Src\stm32f4xx_hal_gpio.o
 .debug_info    0x00002164      0xaad Drivers\STM32F4xx_HAL_Driver\Src\stm32f4xx_hal_rcc.o
 .debug_info    0x00002c11     0x3521 Drivers\STM32F4xx_HAL_Driver\Src\stm32f4xx_hal_tim.o
 .debug_info    0x00006132     0x134f Drivers\STM32F4xx_HAL_Driver\Src\stm32f4xx_hal_tim_ex.o
 .debug_info    0x00007481     0x4990 Middlewares\Third_Party\FreeRTOS\Source\CMSIS_RTOS_V2\cmsis_os2.o
 .debug_info    0x0000be11      0xac5 Middlewares\Third_Party\FreeRTOS\Source\list.o
 .debug_info    0x0000c8d6      0x572 Middlewares\Third_Party\FreeRTOS\Source\portable\GCC\ARM_CM4F\port.o
 .debug_info    0x0000ce48      0xca5 Middlewares\Third_Party\FreeRTOS\Source\portable\MemMang\heap_4.o
 .debug_info    0x0000daed     0x2ce4 Middlewares\Third_Party\FreeRTOS\Source\queue.o
 .debug_info    0x000107d1     0x3604 Middlewares\Third_Party\FreeRTOS\Source\tasks.o
 .debug_info    0x00013dd5     0x2109 Middlewares\Third_Party\FreeRTOS\Source\timers.o
 .debug_info    0x00015ede     0x1c90 Src\main.o
 .debug_info    0x00017b6e      0xb30 Src\stm32f4xx_hal_msp.o
 .debug_info    0x0001869e      0xbf1 Src\stm32f4xx_hal_timebase_tim.o
 .debug_info    0x0001928f      0x6fd Src\stm32f4xx_it.o
 .debug_info    0x0001998c      0x55b Src\system_stm32f4xx.o
 .debug_info    0x00019ee7       0x7e startup\startup_stm32f407xx.o

.debug_abbrev   0x00000000     0x3157
 .debug_abbrev  0x00000000      0x239 Drivers\STM32F4xx_HAL_Driver\Src\stm32f4xx_hal.o
 .debug_abbrev  0x00000239      0x314 Drivers\STM32F4xx_HAL_Driver\Src\stm32f4xx_hal_cortex.o
 .debug_abbrev  0x0000054d      0x1ef Drivers\STM32F4xx_HAL_Driver\Src\stm32f4xx_hal_gpio.o
 .debug_abbrev  0x0000073c      0x2cb Drivers\STM32F4xx_HAL_Driver\Src\stm32f4xx_hal_rcc.o
 .debug_abbrev  0x00000a07      0x324 Drivers\STM32F4xx_HAL_Driver\Src\stm32f4xx_hal_tim.o
 .debug_abbrev  0x00000d2b      0x29c Drivers\STM32F4xx_HAL_Driver\Src\stm32f4xx_hal_tim_ex.o
 .debug_abbrev  0x00000fc7      0x472 Middlewares\Third_Party\FreeRTOS\Source\CMSIS_RTOS_V2\cmsis_os2.o
 .debug_abbrev  0x00001439      0x1ea Middlewares\Third_Party\FreeRTOS\Source\list.o
 .debug_abbrev  0x00001623      0x23a Middlewares\Third_Party\FreeRTOS\Source\portable\GCC\ARM_CM4F\port.o
 .debug_abbrev  0x0000185d      0x314 Middlewares\Third_Party\FreeRTOS\Source\portable\MemMang\heap_4.o
 .debug_abbrev  0x00001b71      0x3fb Middlewares\Third_Party\FreeRTOS\Source\queue.o
 .debug_abbrev  0x00001f6c      0x433 Middlewares\Third_Party\FreeRTOS\Source\tasks.o
 .debug_abbrev  0x0000239f      0x3de Middlewares\Third_Party\FreeRTOS\Source\timers.o
 .debug_abbrev  0x0000277d      0x35c Src\main.o
 .debug_abbrev  0x00002ad9      0x1bb Src\stm32f4xx_hal_msp.o
 .debug_abbrev  0x00002c94      0x1e7 Src\stm32f4xx_hal_timebase_tim.o
 .debug_abbrev  0x00002e7b      0x1a4 Src\stm32f4xx_it.o
 .debug_abbrev  0x0000301f      0x126 Src\system_stm32f4xx.o
 .debug_abbrev  0x00003145       0x12 startup\startup_stm32f407xx.o

.debug_loc      0x00000000     0xb544
 .debug_loc     0x00000000      0x12e Drivers\STM32F4xx_HAL_Driver\Src\stm32f4xx_hal.o
 .debug_loc     0x0000012e      0x4fb Drivers\STM32F4xx_HAL_Driver\Src\stm32f4xx_hal_cortex.o
 .debug_loc     0x00000629      0x357 Drivers\STM32F4xx_HAL_Driver\Src\stm32f4xx_hal_gpio.o
 .debug_loc     0x00000980      0x346 Drivers\STM32F4xx_HAL_Driver\Src\stm32f4xx_hal_rcc.o
 .debug_loc     0x00000cc6     0x3009 Drivers\STM32F4xx_HAL_Driver\Src\stm32f4xx_hal_tim.o
 .debug_loc     0x00003ccf      0xa7c Drivers\STM32F4xx_HAL_Driver\Src\stm32f4xx_hal_tim_ex.o
 .debug_loc     0x0000474b     0x2b0d Middlewares\Third_Party\FreeRTOS\Source\CMSIS_RTOS_V2\cmsis_os2.o
 .debug_loc     0x00007258       0x94 Middlewares\Third_Party\FreeRTOS\Source\list.o
 .debug_loc     0x000072ec       0xcf Middlewares\Third_Party\FreeRTOS\Source\portable\GCC\ARM_CM4F\port.o
 .debug_loc     0x000073bb      0x390 Middlewares\Third_Party\FreeRTOS\Source\portable\MemMang\heap_4.o
 .debug_loc     0x0000774b     0x14f2 Middlewares\Third_Party\FreeRTOS\Source\queue.o
 .debug_loc     0x00008c3d     0x1aa5 Middlewares\Third_Party\FreeRTOS\Source\tasks.o
 .debug_loc     0x0000a6e2      0xbe6 Middlewares\Third_Party\FreeRTOS\Source\timers.o
 .debug_loc     0x0000b2c8       0x6e Src\main.o
 .debug_loc     0x0000b336       0x4d Src\stm32f4xx_hal_msp.o
 .debug_loc     0x0000b383       0xa5 Src\stm32f4xx_hal_timebase_tim.o
 .debug_loc     0x0000b428      0x11c Src\system_stm32f4xx.o

.debug_aranges  0x00000000      0xe28
 .debug_aranges
                0x00000000       0xe8 Drivers\STM32F4xx_HAL_Driver\Src\stm32f4xx_hal.o
 .debug_aranges
                0x000000e8       0xa8 Drivers\STM32F4xx_HAL_Driver\Src\stm32f4xx_hal_cortex.o
 .debug_aranges
                0x00000190       0x58 Drivers\STM32F4xx_HAL_Driver\Src\stm32f4xx_hal_gpio.o
 .debug_aranges
                0x000001e8       0x88 Drivers\STM32F4xx_HAL_Driver\Src\stm32f4xx_hal_rcc.o
 .debug_aranges
                0x00000270      0x278 Drivers\STM32F4xx_HAL_Driver\Src\stm32f4xx_hal_tim.o
 .debug_aranges
                0x000004e8       0xf8 Drivers\STM32F4xx_HAL_Driver\Src\stm32f4xx_hal_tim_ex.o
 .debug_aranges
                0x000005e0      0x218 Middlewares\Third_Party\FreeRTOS\Source\CMSIS_RTOS_V2\cmsis_os2.o
 .debug_aranges
                0x000007f8       0x40 Middlewares\Third_Party\FreeRTOS\Source\list.o
 .debug_aranges
                0x00000838       0x80 Middlewares\Third_Party\FreeRTOS\Source\portable\GCC\ARM_CM4F\port.o
 .debug_aranges
                0x000008b8       0x48 Middlewares\Third_Party\FreeRTOS\Source\portable\MemMang\heap_4.o
 .debug_aranges
                0x00000900      0x140 Middlewares\Third_Party\FreeRTOS\Source\queue.o
 .debug_aranges
                0x00000a40      0x1e8 Middlewares\Third_Party\FreeRTOS\Source\tasks.o
 .debug_aranges
                0x00000c28       0xb0 Middlewares\Third_Party\FreeRTOS\Source\timers.o
 .debug_aranges
                0x00000cd8       0x50 Src\main.o
 .debug_aranges
                0x00000d28       0x30 Src\stm32f4xx_hal_msp.o
 .debug_aranges
                0x00000d58       0x30 Src\stm32f4xx_hal_timebase_tim.o
 .debug_aranges
                0x00000d88       0x50 Src\stm32f4xx_it.o
 .debug_aranges
                0x00000dd8       0x28 Src\system_stm32f4xx.o
 .debug_aranges
                0x00000e00       0x28 startup\startup_stm32f407xx.o

.debug_ranges   0x00000000     0x1248
 .debug_ranges  0x00000000       0xd8 Drivers\STM32F4xx_HAL_Driver\Src\stm32f4xx_hal.o
 .debug_ranges  0x000000d8      0x128 Drivers\STM32F4xx_HAL_Driver\Src\stm32f4xx_hal_cortex.o
 .debug_ranges  0x00000200       0x68 Drivers\STM32F4xx_HAL_Driver\Src\stm32f4xx_hal_gpio.o
 .debug_ranges  0x00000268       0xb0 Drivers\STM32F4xx_HAL_Driver\Src\stm32f4xx_hal_rcc.o
 .debug_ranges  0x00000318      0x340 Drivers\STM32F4xx_HAL_Driver\Src\stm32f4xx_hal_tim.o
 .debug_ranges  0x00000658       0xe8 Drivers\STM32F4xx_HAL_Driver\Src\stm32f4xx_hal_tim_ex.o
 .debug_ranges  0x00000740      0x208 Middlewares\Third_Party\FreeRTOS\Source\CMSIS_RTOS_V2\cmsis_os2.o
 .debug_ranges  0x00000948       0x30 Middlewares\Third_Party\FreeRTOS\Source\list.o
 .debug_ranges  0x00000978       0x70 Middlewares\Third_Party\FreeRTOS\Source\portable\GCC\ARM_CM4F\port.o
 .debug_ranges  0x000009e8       0x38 Middlewares\Third_Party\FreeRTOS\Source\portable\MemMang\heap_4.o
 .debug_ranges  0x00000a20      0x270 Middlewares\Third_Party\FreeRTOS\Source\queue.o
 .debug_ranges  0x00000c90      0x298 Middlewares\Third_Party\FreeRTOS\Source\tasks.o
 .debug_ranges  0x00000f28      0x170 Middlewares\Third_Party\FreeRTOS\Source\timers.o
 .debug_ranges  0x00001098       0xa8 Src\main.o
 .debug_ranges  0x00001140       0x50 Src\stm32f4xx_hal_msp.o
 .debug_ranges  0x00001190       0x40 Src\stm32f4xx_hal_timebase_tim.o
 .debug_ranges  0x000011d0       0x40 Src\stm32f4xx_it.o
 .debug_ranges  0x00001210       0x18 Src\system_stm32f4xx.o
 .debug_ranges  0x00001228       0x20 startup\startup_stm32f407xx.o

.debug_line     0x00000000     0x77ad
 .debug_line    0x00000000      0x420 Drivers\STM32F4xx_HAL_Driver\Src\stm32f4xx_hal.o
 .debug_line    0x00000420      0x469 Drivers\STM32F4xx_HAL_Driver\Src\stm32f4xx_hal_cortex.o
 .debug_line    0x00000889      0x3f2 Drivers\STM32F4xx_HAL_Driver\Src\stm32f4xx_hal_gpio.o
 .debug_line    0x00000c7b      0x51a Drivers\STM32F4xx_HAL_Driver\Src\stm32f4xx_hal_rcc.o
 .debug_line    0x00001195     0x1197 Drivers\STM32F4xx_HAL_Driver\Src\stm32f4xx_hal_tim.o
 .debug_line    0x0000232c      0x6b4 Drivers\STM32F4xx_HAL_Driver\Src\stm32f4xx_hal_tim_ex.o
 .debug_line    0x000029e0     0x1434 Middlewares\Third_Party\FreeRTOS\Source\CMSIS_RTOS_V2\cmsis_os2.o
 .debug_line    0x00003e14      0x367 Middlewares\Third_Party\FreeRTOS\Source\list.o
 .debug_line    0x0000417b      0x36b Middlewares\Third_Party\FreeRTOS\Source\portable\GCC\ARM_CM4F\port.o
 .debug_line    0x000044e6      0x415 Middlewares\Third_Party\FreeRTOS\Source\portable\MemMang\heap_4.o
 .debug_line    0x000048fb      0xae0 Middlewares\Third_Party\FreeRTOS\Source\queue.o
 .debug_line    0x000053db      0xe6d Middlewares\Third_Party\FreeRTOS\Source\tasks.o
 .debug_line    0x00006248      0x664 Middlewares\Third_Party\FreeRTOS\Source\timers.o
 .debug_line    0x000068ac      0x4dd Src\main.o
 .debug_line    0x00006d89      0x271 Src\stm32f4xx_hal_msp.o
 .debug_line    0x00006ffa      0x2a3 Src\stm32f4xx_hal_timebase_tim.o
 .debug_line    0x0000729d      0x284 Src\stm32f4xx_it.o
 .debug_line    0x00007521      0x20d Src\system_stm32f4xx.o
 .debug_line    0x0000772e       0x7f startup\startup_stm32f407xx.o

.debug_str      0x00000000     0x6242
 .debug_str     0x00000000      0xb5f Drivers\STM32F4xx_HAL_Driver\Src\stm32f4xx_hal.o
                                0xbc8 (size before relaxing)
 .debug_str     0x00000b5f      0x4a1 Drivers\STM32F4xx_HAL_Driver\Src\stm32f4xx_hal_cortex.o
                                0xd07 (size before relaxing)
 .debug_str     0x00001000      0x1de Drivers\STM32F4xx_HAL_Driver\Src\stm32f4xx_hal_gpio.o
                                0x5cd (size before relaxing)
 .debug_str     0x000011de      0x2f4 Drivers\STM32F4xx_HAL_Driver\Src\stm32f4xx_hal_rcc.o
                                0x7ab (size before relaxing)
 .debug_str     0x000014d2     0x122a Drivers\STM32F4xx_HAL_Driver\Src\stm32f4xx_hal_tim.o
                               0x15aa (size before relaxing)
 .debug_str     0x000026fc      0x548 Drivers\STM32F4xx_HAL_Driver\Src\stm32f4xx_hal_tim_ex.o
                                0xdc2 (size before relaxing)
 .debug_str     0x00002c44     0x1a64 Middlewares\Third_Party\FreeRTOS\Source\CMSIS_RTOS_V2\cmsis_os2.o
                               0x1d24 (size before relaxing)
 .debug_str     0x000046a8      0x143 Middlewares\Third_Party\FreeRTOS\Source\list.o
                                0x759 (size before relaxing)
 .debug_str     0x000047eb      0x250 Middlewares\Third_Party\FreeRTOS\Source\portable\GCC\ARM_CM4F\port.o
                                0x49f (size before relaxing)
 .debug_str     0x00004a3b      0x1e8 Middlewares\Third_Party\FreeRTOS\Source\portable\MemMang\heap_4.o
                                0x842 (size before relaxing)
 .debug_str     0x00004c23      0x5db Middlewares\Third_Party\FreeRTOS\Source\queue.o
                               0x10c6 (size before relaxing)
 .debug_str     0x000051fe      0x895 Middlewares\Third_Party\FreeRTOS\Source\tasks.o
                               0x16d3 (size before relaxing)
 .debug_str     0x00005a93      0x4de Middlewares\Third_Party\FreeRTOS\Source\timers.o
                               0x104a (size before relaxing)
 .debug_str     0x00005f71      0x16f Src\main.o
                               0x15ef (size before relaxing)
 .debug_str     0x000060e0       0x25 Src\stm32f4xx_hal_msp.o
                                0xd34 (size before relaxing)
 .debug_str     0x00006105       0x50 Src\stm32f4xx_hal_timebase_tim.o
                                0xe38 (size before relaxing)
 .debug_str     0x00006155       0xa8 Src\stm32f4xx_it.o
                                0x776 (size before relaxing)
 .debug_str     0x000061fd       0x45 Src\system_stm32f4xx.o
                                0x431 (size before relaxing)

.comment        0x00000000       0x7c
 .comment       0x00000000       0x7c Drivers\STM32F4xx_HAL_Driver\Src\stm32f4xx_hal.o
                                 0x7d (size before relaxing)
 .comment       0x0000007c       0x7d Drivers\STM32F4xx_HAL_Driver\Src\stm32f4xx_hal_cortex.o
 .comment       0x0000007c       0x7d Drivers\STM32F4xx_HAL_Driver\Src\stm32f4xx_hal_gpio.o
 .comment       0x0000007c       0x7d Drivers\STM32F4xx_HAL_Driver\Src\stm32f4xx_hal_rcc.o
 .comment       0x0000007c       0x7d Drivers\STM32F4xx_HAL_Driver\Src\stm32f4xx_hal_tim.o
 .comment       0x0000007c       0x7d Drivers\STM32F4xx_HAL_Driver\Src\stm32f4xx_hal_tim_ex.o
 .comment       0x0000007c       0x7d Middlewares\Third_Party\FreeRTOS\Source\CMSIS_RTOS_V2\cmsis_os2.o
 .comment       0x0000007c       0x7d Middlewares\Third_Party\FreeRTOS\Source\list.o
 .comment       0x0000007c       0x7d Middlewares\Third_Party\FreeRTOS\Source\portable\GCC\ARM_CM4F\port.o
 .comment       0x0000007c       0x7d Middlewares\Third_Party\FreeRTOS\Source\portable\MemMang\heap_4.o
 .comment       0x0000007c       0x7d Middlewares\Third_Party\FreeRTOS\Source\queue.o
 .comment       0x0000007c       0x7d Middlewares\Third_Party\FreeRTOS\Source\tasks.o
 .comment       0x0000007c       0x7d Middlewares\Third_Party\FreeRTOS\Source\timers.o
 .comment       0x0000007c       0x7d Src\main.o
 .comment       0x0000007c       0x7d Src\stm32f4xx_hal_msp.o
 .comment       0x0000007c       0x7d Src\stm32f4xx_hal_timebase_tim.o
 .comment       0x0000007c       0x7d Src\stm32f4xx_it.o
 .comment       0x0000007c       0x7d Src\system_stm32f4xx.o

.debug_frame    0x00000000     0x29a4
 .debug_frame   0x00000000      0x1f4 Drivers\STM32F4xx_HAL_Driver\Src\stm32f4xx_hal.o
 .debug_frame   0x000001f4      0x158 Drivers\STM32F4xx_HAL_Driver\Src\stm32f4xx_hal_cortex.o
 .debug_frame   0x0000034c       0xd8 Drivers\STM32F4xx_HAL_Driver\Src\stm32f4xx_hal_gpio.o
 .debug_frame   0x00000424      0x13c Drivers\STM32F4xx_HAL_Driver\Src\stm32f4xx_hal_rcc.o
 .debug_frame   0x00000560      0x928 Drivers\STM32F4xx_HAL_Driver\Src\stm32f4xx_hal_tim.o
 .debug_frame   0x00000e88      0x360 Drivers\STM32F4xx_HAL_Driver\Src\stm32f4xx_hal_tim_ex.o
 .debug_frame   0x000011e8      0x65c Middlewares\Third_Party\FreeRTOS\Source\CMSIS_RTOS_V2\cmsis_os2.o
 .debug_frame   0x00001844       0x6c Middlewares\Third_Party\FreeRTOS\Source\list.o
 .debug_frame   0x000018b0       0xfc Middlewares\Third_Party\FreeRTOS\Source\portable\GCC\ARM_CM4F\port.o
 .debug_frame   0x000019ac       0x98 Middlewares\Third_Party\FreeRTOS\Source\portable\MemMang\heap_4.o
 .debug_frame   0x00001a44      0x408 Middlewares\Third_Party\FreeRTOS\Source\queue.o
 .debug_frame   0x00001e4c      0x654 Middlewares\Third_Party\FreeRTOS\Source\tasks.o
 .debug_frame   0x000024a0      0x218 Middlewares\Third_Party\FreeRTOS\Source\timers.o
 .debug_frame   0x000026b8       0xac Src\main.o
 .debug_frame   0x00002764       0x50 Src\stm32f4xx_hal_msp.o
 .debug_frame   0x000027b4       0x54 Src\stm32f4xx_hal_timebase_tim.o
 .debug_frame   0x00002808       0x90 Src\stm32f4xx_it.o
 .debug_frame   0x00002898       0x38 Src\system_stm32f4xx.o
 .debug_frame   0x000028d0       0x2c c:/program files (x86)/atollic/truestudio for stm32 9.3.0/armtools/bin/../lib/gcc/arm-atollic-eabi/6.3.1/../../../../arm-atollic-eabi/lib/armv7e-m/fpu\libc_nano.a(lib_a-init.o)
 .debug_frame   0x000028fc       0x28 c:/program files (x86)/atollic/truestudio for stm32 9.3.0/armtools/bin/../lib/gcc/arm-atollic-eabi/6.3.1/../../../../arm-atollic-eabi/lib/armv7e-m/fpu\libc_nano.a(lib_a-memcpy-stub.o)
 .debug_frame   0x00002924       0x20 c:/program files (x86)/atollic/truestudio for stm32 9.3.0/armtools/bin/../lib/gcc/arm-atollic-eabi/6.3.1/../../../../arm-atollic-eabi/lib/armv7e-m/fpu\libc_nano.a(lib_a-memset.o)
 .debug_frame   0x00002944       0x2c c:/program files (x86)/atollic/truestudio for stm32 9.3.0/armtools/bin/../lib/gcc/arm-atollic-eabi/6.3.1/armv7e-m/fpu\libgcc.a(_aeabi_uldivmod.o)
 .debug_frame   0x00002970       0x34 c:/program files (x86)/atollic/truestudio for stm32 9.3.0/armtools/bin/../lib/gcc/arm-atollic-eabi/6.3.1/armv7e-m/fpu\libgcc.a(_udivmoddi4.o)
