Archive member included to satisfy reference by file (symbol)

c:/program files (x86)/atollic/truestudio for stm32 9.3.0/armtools/bin/../lib/gcc/arm-atollic-eabi/6.3.1/../../../../arm-atollic-eabi/lib/armv7e-m/fpu\libc_nano.a(lib_a-errno.o)
                              Src\syscalls.o (__errno)
c:/program files (x86)/atollic/truestudio for stm32 9.3.0/armtools/bin/../lib/gcc/arm-atollic-eabi/6.3.1/../../../../arm-atollic-eabi/lib/armv7e-m/fpu\libc_nano.a(lib_a-impure.o)
                              c:/program files (x86)/atollic/truestudio for stm32 9.3.0/armtools/bin/../lib/gcc/arm-atollic-eabi/6.3.1/../../../../arm-atollic-eabi/lib/armv7e-m/fpu\libc_nano.a(lib_a-errno.o) (_impure_ptr)
c:/program files (x86)/atollic/truestudio for stm32 9.3.0/armtools/bin/../lib/gcc/arm-atollic-eabi/6.3.1/../../../../arm-atollic-eabi/lib/armv7e-m/fpu\libc_nano.a(lib_a-init.o)
                              startup\startup_stm32f407xx.o (__libc_init_array)
c:/program files (x86)/atollic/truestudio for stm32 9.3.0/armtools/bin/../lib/gcc/arm-atollic-eabi/6.3.1/../../../../arm-atollic-eabi/lib/armv7e-m/fpu\libc_nano.a(lib_a-memcpy-stub.o)
                              Middlewares\Third_Party\FreeRTOS\Source\CMSIS_RTOS_V2\cmsis_os2.o (memcpy)
c:/program files (x86)/atollic/truestudio for stm32 9.3.0/armtools/bin/../lib/gcc/arm-atollic-eabi/6.3.1/../../../../arm-atollic-eabi/lib/armv7e-m/fpu\libc_nano.a(lib_a-memset.o)
                              Middlewares\Third_Party\FreeRTOS\Source\stream_buffer.o (memset)
c:/program files (x86)/atollic/truestudio for stm32 9.3.0/armtools/bin/../lib/gcc/arm-atollic-eabi/6.3.1/armv7e-m/fpu\libgcc.a(_arm_addsubdf3.o)
                              Src\main.o (__aeabi_ui2d)
c:/program files (x86)/atollic/truestudio for stm32 9.3.0/armtools/bin/../lib/gcc/arm-atollic-eabi/6.3.1/armv7e-m/fpu\libgcc.a(_arm_muldivdf3.o)
                              Src\main.o (__aeabi_ddiv)
c:/program files (x86)/atollic/truestudio for stm32 9.3.0/armtools/bin/../lib/gcc/arm-atollic-eabi/6.3.1/armv7e-m/fpu\libgcc.a(_arm_fixunsdfsi.o)
                              Src\main.o (__aeabi_d2uiz)
c:/program files (x86)/atollic/truestudio for stm32 9.3.0/armtools/bin/../lib/gcc/arm-atollic-eabi/6.3.1/armv7e-m/fpu\libgcc.a(_aeabi_uldivmod.o)
                              Drivers\STM32F4xx_HAL_Driver\Src\stm32f4xx_hal_rcc.o (__aeabi_uldivmod)
c:/program files (x86)/atollic/truestudio for stm32 9.3.0/armtools/bin/../lib/gcc/arm-atollic-eabi/6.3.1/armv7e-m/fpu\libgcc.a(_udivmoddi4.o)
                              c:/program files (x86)/atollic/truestudio for stm32 9.3.0/armtools/bin/../lib/gcc/arm-atollic-eabi/6.3.1/armv7e-m/fpu\libgcc.a(_aeabi_uldivmod.o) (__udivmoddi4)
c:/program files (x86)/atollic/truestudio for stm32 9.3.0/armtools/bin/../lib/gcc/arm-atollic-eabi/6.3.1/armv7e-m/fpu\libgcc.a(_dvmd_tls.o)
                              c:/program files (x86)/atollic/truestudio for stm32 9.3.0/armtools/bin/../lib/gcc/arm-atollic-eabi/6.3.1/armv7e-m/fpu\libgcc.a(_aeabi_uldivmod.o) (__aeabi_ldiv0)

Allocating common symbols
Common symbol       size              file

sFilterConfig       0x28              Src\main.o
hdma_usart2_rx      0x60              Src\main.o
spiRxBuf            0x2               Src\main.o
msg                 0x17              Src\main.o
uwTick              0x4               Drivers\STM32F4xx_HAL_Driver\Src\stm32f4xx_hal.o
xQueueRegistry      0x40              Middlewares\Third_Party\FreeRTOS\Source\queue.o
temp                0x1               Src\main.o
temperature         0x1               Src\main.o
pFlash              0x20              Drivers\STM32F4xx_HAL_Driver\Src\stm32f4xx_hal_flash.o
htim3               0x40              Src\main.o
hadc1               0x48              Src\main.o
TemperatureHandle   0x4               Src\main.o
hdma_usart2_tx      0x60              Src\main.o
IR_data             0x1               Src\main.o
Can_TxHandle        0x4               Src\main.o
hdma_adc1           0x60              Src\main.o
counter             0x1               Src\main.o
myCountingSem01Handle
                    0x4               Src\main.o
TxData              0x5               Src\main.o
htim1               0x40              Src\stm32f4xx_hal_timebase_tim.o
myTimer01Handle     0x4               Src\main.o
myBinarySem01Handle
                    0x4               Src\main.o
adcval1             0x4               Src\main.o
TxMailbox           0x4               Src\main.o
speed               0x1               Src\main.o
huart2              0x40              Src\main.o
hcan1               0x28              Src\main.o
TxHeader            0x18              Src\main.o
RxHeader            0x1c              Src\main.o
spiTxBuf            0x2               Src\main.o
IR_EXT1Handle       0x4               Src\main.o

Discarded input sections

 .text          0x00000000        0x0 c:/program files (x86)/atollic/truestudio for stm32 9.3.0/armtools/bin/../lib/gcc/arm-atollic-eabi/6.3.1/armv7e-m/fpu/crti.o
[...]
Memory Configuration

Name             Origin             Length             Attributes
RAM              0x20000000         0x00020000         xrw
CCMRAM           0x10000000         0x00010000         xrw
FLASH            0x08000000         0x00100000         xr
*default*        0x00000000         0xffffffff

Linker script and memory map

LOAD c:/program files (x86)/atollic/truestudio for stm32 9.3.0/armtools/bin/../lib/gcc/arm-atollic-eabi/6.3.1/armv7e-m/fpu/crti.o
LOAD c:/program files (x86)/atollic/truestudio for stm32 9.3.0/armtools/bin/../lib/gcc/arm-atollic-eabi/6.3.1/armv7e-m/fpu/crtbegin.o
LOAD Drivers\STM32F4xx_HAL_Driver\Src\stm32f4xx_hal.o
LOAD Drivers\STM32F4xx_HAL_Driver\Src\stm32f4xx_hal_adc.o
LOAD Drivers\STM32F4xx_HAL_Driver\Src\stm32f4xx_hal_adc_ex.o
LOAD Drivers\STM32F4xx_HAL_Driver\Src\stm32f4xx_hal_can.o
LOAD Drivers\STM32F4xx_HAL_Driver\Src\stm32f4xx_hal_cortex.o
LOAD Drivers\STM32F4xx_HAL_Driver\Src\stm32f4xx_hal_dma.o
LOAD Drivers\STM32F4xx_HAL_Driver\Src\stm32f4xx_hal_dma_ex.o
LOAD Drivers\STM32F4xx_HAL_Driver\Src\stm32f4xx_hal_exti.o
LOAD Drivers\STM32F4xx_HAL_Driver\Src\stm32f4xx_hal_flash.o
LOAD Drivers\STM32F4xx_HAL_Driver\Src\stm32f4xx_hal_flash_ex.o
LOAD Drivers\STM32F4xx_HAL_Driver\Src\stm32f4xx_hal_flash_ramfunc.o
LOAD Drivers\STM32F4xx_HAL_Driver\Src\stm32f4xx_hal_gpio.o
LOAD Drivers\STM32F4xx_HAL_Driver\Src\stm32f4xx_hal_pwr.o
LOAD Drivers\STM32F4xx_HAL_Driver\Src\stm32f4xx_hal_pwr_ex.o
LOAD Drivers\STM32F4xx_HAL_Driver\Src\stm32f4xx_hal_rcc.o
LOAD Drivers\STM32F4xx_HAL_Driver\Src\stm32f4xx_hal_rcc_ex.o
LOAD Drivers\STM32F4xx_HAL_Driver\Src\stm32f4xx_hal_tim.o
LOAD Drivers\STM32F4xx_HAL_Driver\Src\stm32f4xx_hal_tim_ex.o
LOAD Drivers\STM32F4xx_HAL_Driver\Src\stm32f4xx_hal_uart.o
LOAD Middlewares\Third_Party\FreeRTOS\Source\CMSIS_RTOS_V2\cmsis_os2.o
LOAD Middlewares\Third_Party\FreeRTOS\Source\croutine.o
LOAD Middlewares\Third_Party\FreeRTOS\Source\event_groups.o
LOAD Middlewares\Third_Party\FreeRTOS\Source\list.o
LOAD Middlewares\Third_Party\FreeRTOS\Source\portable\GCC\ARM_CM4F\port.o
LOAD Middlewares\Third_Party\FreeRTOS\Source\portable\MemMang\heap_4.o
LOAD Middlewares\Third_Party\FreeRTOS\Source\queue.o
LOAD Middlewares\Third_Party\FreeRTOS\Source\stream_buffer.o
LOAD Middlewares\Third_Party\FreeRTOS\Source\tasks.o
LOAD Middlewares\Third_Party\FreeRTOS\Source\timers.o
LOAD Src\freertos.o
LOAD Src\main.o
LOAD Src\stm32f4xx_hal_msp.o
LOAD Src\stm32f4xx_hal_timebase_tim.o
LOAD Src\stm32f4xx_it.o
LOAD Src\syscalls.o
LOAD Src\system_stm32f4xx.o
LOAD startup\startup_stm32f407xx.o
                0x00000080                malloc_getpagesize_P = 0x80
START GROUP
LOAD c:/program files (x86)/atollic/truestudio for stm32 9.3.0/armtools/bin/../lib/gcc/arm-atollic-eabi/6.3.1/../../../../arm-atollic-eabi/lib/armv7e-m/fpu\libc_nano.a
LOAD c:/program files (x86)/atollic/truestudio for stm32 9.3.0/armtools/bin/../lib/gcc/arm-atollic-eabi/6.3.1/../../../../arm-atollic-eabi/lib/armv7e-m/fpu\libm.a
END GROUP
START GROUP
LOAD c:/program files (x86)/atollic/truestudio for stm32 9.3.0/armtools/bin/../lib/gcc/arm-atollic-eabi/6.3.1/armv7e-m/fpu\libgcc.a
LOAD c:/program files (x86)/atollic/truestudio for stm32 9.3.0/armtools/bin/../lib/gcc/arm-atollic-eabi/6.3.1/../../../../arm-atollic-eabi/lib/armv7e-m/fpu\libc_nano.a
END GROUP
START GROUP
LOAD c:/program files (x86)/atollic/truestudio for stm32 9.3.0/armtools/bin/../lib/gcc/arm-atollic-eabi/6.3.1/armv7e-m/fpu\libgcc.a
LOAD c:/program files (x86)/atollic/truestudio for stm32 9.3.0/armtools/bin/../lib/gcc/arm-atollic-eabi/6.3.1/../../../../arm-atollic-eabi/lib/armv7e-m/fpu\libc_nano.a
LOAD c:/program files (x86)/atollic/truestudio for stm32 9.3.0/armtools/bin/../lib/gcc/arm-atollic-eabi/6.3.1/../../../../arm-atollic-eabi/lib/armv7e-m/fpu\libnosys.a
END GROUP
START GROUP
LOAD c:/program files (x86)/atollic/truestudio for stm32 9.3.0/armtools/bin/../lib/gcc/arm-atollic-eabi/6.3.1/armv7e-m/fpu\libgcc.a
LOAD c:/program files (x86)/atollic/truestudio for stm32 9.3.0/armtools/bin/../lib/gcc/arm-atollic-eabi/6.3.1/../../../../arm-atollic-eabi/lib/armv7e-m/fpu\libc_nano.a
LOAD c:/program files (x86)/atollic/truestudio for stm32 9.3.0/armtools/bin/../lib/gcc/arm-atollic-eabi/6.3.1/../../../../arm-atollic-eabi/lib/armv7e-m/fpu\libnosys.a
END GROUP
LOAD c:/program files (x86)/atollic/truestudio for stm32 9.3.0/armtools/bin/../lib/gcc/arm-atollic-eabi/6.3.1/armv7e-m/fpu/crtend.o
LOAD c:/program files (x86)/atollic/truestudio for stm32 9.3.0/armtools/bin/../lib/gcc/arm-atollic-eabi/6.3.1/armv7e-m/fpu/crtn.o
                0x20020000                _estack = 0x20020000
                0x00000200                _Min_Heap_Size = 0x200
                0x00000400                _Min_Stack_Size = 0x400

.isr_vector     0x08000000      0x188
                0x08000000                . = ALIGN (0x4)
 *(.isr_vector)
 .isr_vector    0x08000000      0x188 startup\startup_stm32f407xx.o
                0x08000000                g_pfnVectors
                0x08000188                . = ALIGN (0x4)

.text           0x08000190     0x4d90
                0x08000190                . = ALIGN (0x4)
 *(.text)
 .text          0x08000190       0x40 c:/program files (x86)/atollic/truestudio for stm32 9.3.0/armtools/bin/../lib/gcc/arm-atollic-eabi/6.3.1/armv7e-m/fpu/crtbegin.o
 .text          0x080001d0      0x370 c:/program files (x86)/atollic/truestudio for stm32 9.3.0/armtools/bin/../lib/gcc/arm-atollic-eabi/6.3.1/armv7e-m/fpu\libgcc.a(_arm_addsubdf3.o)
                0x080001d0                __aeabi_drsub
                0x080001d8                __aeabi_dsub
                0x080001d8                __subdf3
                0x080001dc                __aeabi_dadd
                0x080001dc                __adddf3
                0x08000454                __floatunsidf
                0x08000454                __aeabi_ui2d
                0x08000474                __floatsidf
                0x08000474                __aeabi_i2d
                0x08000498                __aeabi_f2d
                0x08000498                __extendsfdf2
                0x080004d4                __floatundidf
                0x080004d4                __aeabi_ul2d
                0x080004e4                __floatdidf
                0x080004e4                __aeabi_l2d
 .text          0x08000540      0x424 c:/program files (x86)/atollic/truestudio for stm32 9.3.0/armtools/bin/../lib/gcc/arm-atollic-eabi/6.3.1/armv7e-m/fpu\libgcc.a(_arm_muldivdf3.o)
                0x08000540                __aeabi_dmul
                0x08000540                __muldf3
                0x08000794                __divdf3
                0x08000794                __aeabi_ddiv
 .text          0x08000964       0x40 c:/program files (x86)/atollic/truestudio for stm32 9.3.0/armtools/bin/../lib/gcc/arm-atollic-eabi/6.3.1/armv7e-m/fpu\libgcc.a(_arm_fixunsdfsi.o)
                0x08000964                __aeabi_d2uiz
                0x08000964                __fixunsdfsi
 .text          0x080009a4       0x30 c:/program files (x86)/atollic/truestudio for stm32 9.3.0/armtools/bin/../lib/gcc/arm-atollic-eabi/6.3.1/armv7e-m/fpu\libgcc.a(_aeabi_uldivmod.o)
                0x080009a4                __aeabi_uldivmod
 .text          0x080009d4      0x2dc c:/program files (x86)/atollic/truestudio for stm32 9.3.0/armtools/bin/../lib/gcc/arm-atollic-eabi/6.3.1/armv7e-m/fpu\libgcc.a(_udivmoddi4.o)
                0x080009d4                __udivmoddi4
 .text          0x08000cb0        0x4 c:/program files (x86)/atollic/truestudio for stm32 9.3.0/armtools/bin/../lib/gcc/arm-atollic-eabi/6.3.1/armv7e-m/fpu\libgcc.a(_dvmd_tls.o)
                0x08000cb0                __aeabi_idiv0
                0x08000cb0                __aeabi_ldiv0
 *(.text*)
 .text.HAL_Init
                0x08000cb4       0x34 Drivers\STM32F4xx_HAL_Driver\Src\stm32f4xx_hal.o
                0x08000cb4                HAL_Init
 .text.HAL_IncTick
                0x08000ce8       0x18 Drivers\STM32F4xx_HAL_Driver\Src\stm32f4xx_hal.o
                0x08000ce8                HAL_IncTick
 .text.HAL_GetTick
                0x08000d00        0xc Drivers\STM32F4xx_HAL_Driver\Src\stm32f4xx_hal.o
                0x08000d00                HAL_GetTick
 .text.HAL_Delay
                0x08000d0c       0x28 Drivers\STM32F4xx_HAL_Driver\Src\stm32f4xx_hal.o
                0x08000d0c                HAL_Delay
 .text.HAL_ADC_Init
                0x08000d34      0x14c Drivers\STM32F4xx_HAL_Driver\Src\stm32f4xx_hal_adc.o
                0x08000d34                HAL_ADC_Init
 .text.HAL_ADC_Start_DMA
                0x08000e80      0x128 Drivers\STM32F4xx_HAL_Driver\Src\stm32f4xx_hal_adc.o
                0x08000e80                HAL_ADC_Start_DMA
 .text.HAL_ADC_GetValue
                0x08000fa8        0x6 Drivers\STM32F4xx_HAL_Driver\Src\stm32f4xx_hal_adc.o
                0x08000fa8                HAL_ADC_GetValue
 .text.HAL_ADC_ConvCpltCallback
                0x08000fae        0x2 Drivers\STM32F4xx_HAL_Driver\Src\stm32f4xx_hal_adc.o
                0x08000fae                HAL_ADC_ConvCpltCallback
 .text.HAL_ADC_ConvHalfCpltCallback
                0x08000fb0        0x2 Drivers\STM32F4xx_HAL_Driver\Src\stm32f4xx_hal_adc.o
                0x08000fb0                HAL_ADC_ConvHalfCpltCallback
 .text.ADC_DMAHalfConvCplt
                0x08000fb2        0xa Drivers\STM32F4xx_HAL_Driver\Src\stm32f4xx_hal_adc.o
 .text.HAL_ADC_LevelOutOfWindowCallback
                0x08000fbc        0x2 Drivers\STM32F4xx_HAL_Driver\Src\stm32f4xx_hal_adc.o
                0x08000fbc                HAL_ADC_LevelOutOfWindowCallback
 .text.HAL_ADC_ErrorCallback
                0x08000fbe        0x2 Drivers\STM32F4xx_HAL_Driver\Src\stm32f4xx_hal_adc.o
                0x08000fbe                HAL_ADC_ErrorCallback
 .text.HAL_ADC_IRQHandler
                0x08000fc0      0x128 Drivers\STM32F4xx_HAL_Driver\Src\stm32f4xx_hal_adc.o
                0x08000fc0                HAL_ADC_IRQHandler
 .text.ADC_DMAError
                0x080010e8       0x16 Drivers\STM32F4xx_HAL_Driver\Src\stm32f4xx_hal_adc.o
 .text.ADC_DMAConvCplt
                0x080010fe       0x6c Drivers\STM32F4xx_HAL_Driver\Src\stm32f4xx_hal_adc.o
 *fill*         0x0800116a        0x2 
 .text.HAL_ADC_ConfigChannel
                0x0800116c      0x12c Drivers\STM32F4xx_HAL_Driver\Src\stm32f4xx_hal_adc.o
                0x0800116c                HAL_ADC_ConfigChannel
 .text.HAL_ADCEx_InjectedConvCpltCallback
                0x08001298        0x2 Drivers\STM32F4xx_HAL_Driver\Src\stm32f4xx_hal_adc_ex.o
                0x08001298                HAL_ADCEx_InjectedConvCpltCallback
 .text.HAL_CAN_Init
                0x0800129a       0xf6 Drivers\STM32F4xx_HAL_Driver\Src\stm32f4xx_hal_can.o
                0x0800129a                HAL_CAN_Init
 .text.HAL_CAN_ConfigFilter
                0x08001390      0x110 Drivers\STM32F4xx_HAL_Driver\Src\stm32f4xx_hal_can.o
                0x08001390                HAL_CAN_ConfigFilter
 .text.HAL_CAN_Start
                0x080014a0       0x56 Drivers\STM32F4xx_HAL_Driver\Src\stm32f4xx_hal_can.o
                0x080014a0                HAL_CAN_Start
 .text.HAL_CAN_AddTxMessage
                0x080014f6       0x9a Drivers\STM32F4xx_HAL_Driver\Src\stm32f4xx_hal_can.o
                0x080014f6                HAL_CAN_AddTxMessage
 .text.HAL_CAN_GetTxMailboxesFreeLevel
                0x08001590       0x28 Drivers\STM32F4xx_HAL_Driver\Src\stm32f4xx_hal_can.o
                0x08001590                HAL_CAN_GetTxMailboxesFreeLevel
 .text.HAL_NVIC_SetPriorityGrouping
                0x080015b8       0x24 Drivers\STM32F4xx_HAL_Driver\Src\stm32f4xx_hal_cortex.o
                0x080015b8                HAL_NVIC_SetPriorityGrouping
 .text.HAL_NVIC_SetPriority
                0x080015dc       0x68 Drivers\STM32F4xx_HAL_Driver\Src\stm32f4xx_hal_cortex.o
                0x080015dc                HAL_NVIC_SetPriority
 .text.HAL_NVIC_EnableIRQ
                0x08001644       0x1c Drivers\STM32F4xx_HAL_Driver\Src\stm32f4xx_hal_cortex.o
                0x08001644                HAL_NVIC_EnableIRQ
 .text.DMA_CalcBaseAndBitshift
                0x08001660       0x2c Drivers\STM32F4xx_HAL_Driver\Src\stm32f4xx_hal_dma.o
 .text.HAL_DMA_Init
                0x0800168c       0xfc Drivers\STM32F4xx_HAL_Driver\Src\stm32f4xx_hal_dma.o
                0x0800168c                HAL_DMA_Init
 .text.HAL_DMA_Start_IT
                0x08001788       0x74 Drivers\STM32F4xx_HAL_Driver\Src\stm32f4xx_hal_dma.o
                0x08001788                HAL_DMA_Start_IT
 .text.HAL_DMA_IRQHandler
                0x080017fc      0x174 Drivers\STM32F4xx_HAL_Driver\Src\stm32f4xx_hal_dma.o
                0x080017fc                HAL_DMA_IRQHandler
 .text.HAL_GPIO_Init
                0x08001970      0x1c0 Drivers\STM32F4xx_HAL_Driver\Src\stm32f4xx_hal_gpio.o
                0x08001970                HAL_GPIO_Init
 .text.HAL_GPIO_ReadPin
                0x08001b30        0xc Drivers\STM32F4xx_HAL_Driver\Src\stm32f4xx_hal_gpio.o
                0x08001b30                HAL_GPIO_ReadPin
 .text.HAL_GPIO_WritePin
                0x08001b3c        0xa Drivers\STM32F4xx_HAL_Driver\Src\stm32f4xx_hal_gpio.o
                0x08001b3c                HAL_GPIO_WritePin
 .text.HAL_GPIO_TogglePin
                0x08001b46        0xe Drivers\STM32F4xx_HAL_Driver\Src\stm32f4xx_hal_gpio.o
                0x08001b46                HAL_GPIO_TogglePin
 .text.HAL_GPIO_EXTI_Callback
                0x08001b54        0x2 Drivers\STM32F4xx_HAL_Driver\Src\stm32f4xx_hal_gpio.o
                0x08001b54                HAL_GPIO_EXTI_Callback
 *fill*         0x08001b56        0x2 
 .text.HAL_GPIO_EXTI_IRQHandler
                0x08001b58       0x18 Drivers\STM32F4xx_HAL_Driver\Src\stm32f4xx_hal_gpio.o
                0x08001b58                HAL_GPIO_EXTI_IRQHandler
 .text.HAL_RCC_OscConfig
                0x08001b70      0x34c Drivers\STM32F4xx_HAL_Driver\Src\stm32f4xx_hal_rcc.o
                0x08001b70                HAL_RCC_OscConfig
 .text.HAL_RCC_GetSysClockFreq
                0x08001ebc       0x5c Drivers\STM32F4xx_HAL_Driver\Src\stm32f4xx_hal_rcc.o
                0x08001ebc                HAL_RCC_GetSysClockFreq
 .text.HAL_RCC_ClockConfig
                0x08001f18      0x138 Drivers\STM32F4xx_HAL_Driver\Src\stm32f4xx_hal_rcc.o
                0x08001f18                HAL_RCC_ClockConfig
 .text.HAL_RCC_GetPCLK1Freq
                0x08002050       0x20 Drivers\STM32F4xx_HAL_Driver\Src\stm32f4xx_hal_rcc.o
                0x08002050                HAL_RCC_GetPCLK1Freq
 .text.HAL_RCC_GetPCLK2Freq
                0x08002070       0x20 Drivers\STM32F4xx_HAL_Driver\Src\stm32f4xx_hal_rcc.o
                0x08002070                HAL_RCC_GetPCLK2Freq
 .text.HAL_RCC_GetClockConfig
                0x08002090       0x3c Drivers\STM32F4xx_HAL_Driver\Src\stm32f4xx_hal_rcc.o
                0x08002090                HAL_RCC_GetClockConfig
 .text.HAL_TIM_Base_Start_IT
                0x080020cc       0x20 Drivers\STM32F4xx_HAL_Driver\Src\stm32f4xx_hal_tim.o
                0x080020cc                HAL_TIM_Base_Start_IT
 .text.HAL_TIM_OC_DelayElapsedCallback
                0x080020ec        0x2 Drivers\STM32F4xx_HAL_Driver\Src\stm32f4xx_hal_tim.o
                0x080020ec                HAL_TIM_OC_DelayElapsedCallback
 .text.HAL_TIM_IC_CaptureCallback
                0x080020ee        0x2 Drivers\STM32F4xx_HAL_Driver\Src\stm32f4xx_hal_tim.o
                0x080020ee                HAL_TIM_IC_CaptureCallback
 .text.HAL_TIM_PWM_PulseFinishedCallback
                0x080020f0        0x2 Drivers\STM32F4xx_HAL_Driver\Src\stm32f4xx_hal_tim.o
                0x080020f0                HAL_TIM_PWM_PulseFinishedCallback
 .text.HAL_TIM_TriggerCallback
                0x080020f2        0x2 Drivers\STM32F4xx_HAL_Driver\Src\stm32f4xx_hal_tim.o
                0x080020f2                HAL_TIM_TriggerCallback
 .text.HAL_TIM_IRQHandler
                0x080020f4      0x144 Drivers\STM32F4xx_HAL_Driver\Src\stm32f4xx_hal_tim.o
                0x080020f4                HAL_TIM_IRQHandler
 .text.TIM_Base_SetConfig
                0x08002238       0xcc Drivers\STM32F4xx_HAL_Driver\Src\stm32f4xx_hal_tim.o
                0x08002238                TIM_Base_SetConfig
 .text.HAL_TIM_Base_Init
                0x08002304       0x34 Drivers\STM32F4xx_HAL_Driver\Src\stm32f4xx_hal_tim.o
                0x08002304                HAL_TIM_Base_Init
 .text.TIM_ETR_SetConfig
                0x08002338       0x14 Drivers\STM32F4xx_HAL_Driver\Src\stm32f4xx_hal_tim.o
                0x08002338                TIM_ETR_SetConfig
 .text.HAL_TIM_ConfigClockSource
                0x0800234c      0x128 Drivers\STM32F4xx_HAL_Driver\Src\stm32f4xx_hal_tim.o
                0x0800234c                HAL_TIM_ConfigClockSource
 .text.HAL_TIMEx_MasterConfigSynchronization
                0x08002474       0x84 Drivers\STM32F4xx_HAL_Driver\Src\stm32f4xx_hal_tim_ex.o
                0x08002474                HAL_TIMEx_MasterConfigSynchronization
 .text.HAL_TIMEx_CommutCallback
                0x080024f8        0x2 Drivers\STM32F4xx_HAL_Driver\Src\stm32f4xx_hal_tim_ex.o
                0x080024f8                HAL_TIMEx_CommutCallback
 .text.HAL_TIMEx_BreakCallback
                0x080024fa        0x2 Drivers\STM32F4xx_HAL_Driver\Src\stm32f4xx_hal_tim_ex.o
                0x080024fa                HAL_TIMEx_BreakCallback
 .text.UART_SetConfig
                0x080024fc       0xdc Drivers\STM32F4xx_HAL_Driver\Src\stm32f4xx_hal_uart.o
 .text.UART_WaitOnFlagUntilTimeout.constprop.3
                0x080025d8       0x50 Drivers\STM32F4xx_HAL_Driver\Src\stm32f4xx_hal_uart.o
 .text.HAL_UART_Init
                0x08002628       0x5c Drivers\STM32F4xx_HAL_Driver\Src\stm32f4xx_hal_uart.o
                0x08002628                HAL_UART_Init
 .text.HAL_UART_Transmit
                0x08002684       0xbe Drivers\STM32F4xx_HAL_Driver\Src\stm32f4xx_hal_uart.o
                0x08002684                HAL_UART_Transmit
 .text.TimerCallback
                0x08002742       0x14 Middlewares\Third_Party\FreeRTOS\Source\CMSIS_RTOS_V2\cmsis_os2.o
 *fill*         0x08002756        0x2 
 .text.osKernelInitialize
                0x08002758       0x38 Middlewares\Third_Party\FreeRTOS\Source\CMSIS_RTOS_V2\cmsis_os2.o
                0x08002758                osKernelInitialize
 .text.osKernelStart
                0x08002790       0x40 Middlewares\Third_Party\FreeRTOS\Source\CMSIS_RTOS_V2\cmsis_os2.o
                0x08002790                osKernelStart
 .text.osThreadNew
                0x080027d0       0xc0 Middlewares\Third_Party\FreeRTOS\Source\CMSIS_RTOS_V2\cmsis_os2.o
                0x080027d0                osThreadNew
 .text.osTimerNew
                0x08002890       0x80 Middlewares\Third_Party\FreeRTOS\Source\CMSIS_RTOS_V2\cmsis_os2.o
                0x08002890                osTimerNew
 .text.osSemaphoreNew
                0x08002910       0xb0 Middlewares\Third_Party\FreeRTOS\Source\CMSIS_RTOS_V2\cmsis_os2.o
                0x08002910                osSemaphoreNew
 .text.vApplicationGetIdleTaskMemory
                0x080029c0       0x18 Middlewares\Third_Party\FreeRTOS\Source\CMSIS_RTOS_V2\cmsis_os2.o
                0x080029c0                vApplicationGetIdleTaskMemory
 .text.vApplicationGetTimerTaskMemory
                0x080029d8       0x18 Middlewares\Third_Party\FreeRTOS\Source\CMSIS_RTOS_V2\cmsis_os2.o
                0x080029d8                vApplicationGetTimerTaskMemory
 .text.vListInitialise
                0x080029f0       0x16 Middlewares\Third_Party\FreeRTOS\Source\list.o
                0x080029f0                vListInitialise
 .text.vListInitialiseItem
                0x08002a06        0x6 Middlewares\Third_Party\FreeRTOS\Source\list.o
                0x08002a06                vListInitialiseItem
 .text.vListInsertEnd
                0x08002a0c       0x18 Middlewares\Third_Party\FreeRTOS\Source\list.o
                0x08002a0c                vListInsertEnd
 .text.vListInsert
                0x08002a24       0x2e Middlewares\Third_Party\FreeRTOS\Source\list.o
                0x08002a24                vListInsert
 .text.uxListRemove
                0x08002a52       0x22 Middlewares\Third_Party\FreeRTOS\Source\list.o
                0x08002a52                uxListRemove
 .text.prvTaskExitError
                0x08002a74       0x40 Middlewares\Third_Party\FreeRTOS\Source\portable\GCC\ARM_CM4F\port.o
 .text.unlikely.prvPortStartFirstTask
                0x08002ab4       0x28 Middlewares\Third_Party\FreeRTOS\Source\portable\GCC\ARM_CM4F\port.o
 .text.unlikely.vPortEnableVFP
                0x08002adc       0x14 Middlewares\Third_Party\FreeRTOS\Source\portable\GCC\ARM_CM4F\port.o
 .text.pxPortInitialiseStack
                0x08002af0       0x2c Middlewares\Third_Party\FreeRTOS\Source\portable\GCC\ARM_CM4F\port.o
                0x08002af0                pxPortInitialiseStack
 *fill*         0x08002b1c        0x4 
 .text.SVC_Handler
                0x08002b20       0x24 Middlewares\Third_Party\FreeRTOS\Source\portable\GCC\ARM_CM4F\port.o
                0x08002b20                SVC_Handler
 .text.vPortEnterCritical
                0x08002b44       0x44 Middlewares\Third_Party\FreeRTOS\Source\portable\GCC\ARM_CM4F\port.o
                0x08002b44                vPortEnterCritical
 .text.vPortExitCritical
                0x08002b88       0x28 Middlewares\Third_Party\FreeRTOS\Source\portable\GCC\ARM_CM4F\port.o
                0x08002b88                vPortExitCritical
 .text.PendSV_Handler
                0x08002bb0       0x64 Middlewares\Third_Party\FreeRTOS\Source\portable\GCC\ARM_CM4F\port.o
                0x08002bb0                PendSV_Handler
 .text.SysTick_Handler
                0x08002c14       0x2c Middlewares\Third_Party\FreeRTOS\Source\portable\GCC\ARM_CM4F\port.o
                0x08002c14                SysTick_Handler
 .text.vPortSetupTimerInterrupt
                0x08002c40       0x34 Middlewares\Third_Party\FreeRTOS\Source\portable\GCC\ARM_CM4F\port.o
                0x08002c40                vPortSetupTimerInterrupt
 .text.xPortStartScheduler
                0x08002c74      0x10c Middlewares\Third_Party\FreeRTOS\Source\portable\GCC\ARM_CM4F\port.o
                0x08002c74                xPortStartScheduler
 .text.vPortValidateInterruptPriority
                0x08002d80       0x5c Middlewares\Third_Party\FreeRTOS\Source\portable\GCC\ARM_CM4F\port.o
                0x08002d80                vPortValidateInterruptPriority
 .text.unlikely.prvInsertBlockIntoFreeList
                0x08002ddc       0x48 Middlewares\Third_Party\FreeRTOS\Source\portable\MemMang\heap_4.o
 .text.pvPortMalloc
                0x08002e24      0x11c Middlewares\Third_Party\FreeRTOS\Source\portable\MemMang\heap_4.o
                0x08002e24                pvPortMalloc
 .text.vPortFree
                0x08002f40       0x70 Middlewares\Third_Party\FreeRTOS\Source\portable\MemMang\heap_4.o
                0x08002f40                vPortFree
 .text.prvIsQueueEmpty
                0x08002fb0       0x16 Middlewares\Third_Party\FreeRTOS\Source\queue.o
 .text.unlikely.prvCopyDataToQueue
                0x08002fc6       0x66 Middlewares\Third_Party\FreeRTOS\Source\queue.o
 .text.unlikely.prvCopyDataFromQueue
                0x0800302c       0x2a Middlewares\Third_Party\FreeRTOS\Source\queue.o
 .text.prvUnlockQueue
                0x08003056       0x70 Middlewares\Third_Party\FreeRTOS\Source\queue.o
 *fill*         0x080030c6        0x2 
 .text.xQueueGenericReset
                0x080030c8       0x80 Middlewares\Third_Party\FreeRTOS\Source\queue.o
                0x080030c8                xQueueGenericReset
 .text.xQueueGenericCreateStatic
                0x08003148       0x9a Middlewares\Third_Party\FreeRTOS\Source\queue.o
                0x08003148                xQueueGenericCreateStatic
 .text.xQueueGenericCreate
                0x080031e2       0x4e Middlewares\Third_Party\FreeRTOS\Source\queue.o
                0x080031e2                xQueueGenericCreate
 .text.xQueueCreateCountingSemaphoreStatic
                0x08003230       0x44 Middlewares\Third_Party\FreeRTOS\Source\queue.o
                0x08003230                xQueueCreateCountingSemaphoreStatic
 .text.xQueueCreateCountingSemaphore
                0x08003274       0x3c Middlewares\Third_Party\FreeRTOS\Source\queue.o
                0x08003274                xQueueCreateCountingSemaphore
 .text.xQueueGenericSend
                0x080032b0      0x16c Middlewares\Third_Party\FreeRTOS\Source\queue.o
                0x080032b0                xQueueGenericSend
 .text.xQueueGenericSendFromISR
                0x0800341c       0xc4 Middlewares\Third_Party\FreeRTOS\Source\queue.o
                0x0800341c                xQueueGenericSendFromISR
 .text.xQueueReceive
                0x080034e0      0x148 Middlewares\Third_Party\FreeRTOS\Source\queue.o
                0x080034e0                xQueueReceive
 .text.vQueueAddToRegistry
                0x08003628       0x24 Middlewares\Third_Party\FreeRTOS\Source\queue.o
                0x08003628                vQueueAddToRegistry
 .text.vQueueUnregisterQueue
                0x0800364c       0x28 Middlewares\Third_Party\FreeRTOS\Source\queue.o
                0x0800364c                vQueueUnregisterQueue
 .text.vQueueDelete
                0x08003674       0x2e Middlewares\Third_Party\FreeRTOS\Source\queue.o
                0x08003674                vQueueDelete
 .text.vQueueWaitForMessageRestricted
                0x080036a2       0x46 Middlewares\Third_Party\FreeRTOS\Source\queue.o
                0x080036a2                vQueueWaitForMessageRestricted
 .text.prvAddNewTaskToReadyList
                0x080036e8       0xfc Middlewares\Third_Party\FreeRTOS\Source\tasks.o
 .text.prvResetNextTaskUnblockTime
                0x080037e4       0x24 Middlewares\Third_Party\FreeRTOS\Source\tasks.o
 .text.prvInitialiseNewTask.isra.2
                0x08003808       0x88 Middlewares\Third_Party\FreeRTOS\Source\tasks.o
 .text.prvDeleteTCB
                0x08003890       0x36 Middlewares\Third_Party\FreeRTOS\Source\tasks.o
 *fill*         0x080038c6        0x2 
 .text.prvIdleTask
                0x080038c8       0x64 Middlewares\Third_Party\FreeRTOS\Source\tasks.o
 .text.prvAddCurrentTaskToDelayedList
                0x0800392c       0x74 Middlewares\Third_Party\FreeRTOS\Source\tasks.o
 .text.xTaskCreateStatic
                0x080039a0       0x6e Middlewares\Third_Party\FreeRTOS\Source\tasks.o
                0x080039a0                xTaskCreateStatic
 .text.xTaskCreate
                0x08003a0e       0x5a Middlewares\Third_Party\FreeRTOS\Source\tasks.o
                0x08003a0e                xTaskCreate
 .text.vTaskStartScheduler
                0x08003a68       0x88 Middlewares\Third_Party\FreeRTOS\Source\tasks.o
                0x08003a68                vTaskStartScheduler
 .text.vTaskSuspendAll
                0x08003af0       0x10 Middlewares\Third_Party\FreeRTOS\Source\tasks.o
                0x08003af0                vTaskSuspendAll
 .text.xTaskGetTickCount
                0x08003b00        0xc Middlewares\Third_Party\FreeRTOS\Source\tasks.o
                0x08003b00                xTaskGetTickCount
 .text.xTaskIncrementTick
                0x08003b0c      0x120 Middlewares\Third_Party\FreeRTOS\Source\tasks.o
                0x08003b0c                xTaskIncrementTick
 .text.xTaskResumeAll
                0x08003c2c       0xe8 Middlewares\Third_Party\FreeRTOS\Source\tasks.o
                0x08003c2c                xTaskResumeAll
 .text.vTaskDelayUntil
                0x08003d14       0x98 Middlewares\Third_Party\FreeRTOS\Source\tasks.o
                0x08003d14                vTaskDelayUntil
 .text.vTaskSwitchContext
                0x08003dac       0x78 Middlewares\Third_Party\FreeRTOS\Source\tasks.o
                0x08003dac                vTaskSwitchContext
 .text.vTaskPlaceOnEventList
                0x08003e24       0x34 Middlewares\Third_Party\FreeRTOS\Source\tasks.o
                0x08003e24                vTaskPlaceOnEventList
 .text.vTaskPlaceOnEventListRestricted
                0x08003e58       0x3c Middlewares\Third_Party\FreeRTOS\Source\tasks.o
                0x08003e58                vTaskPlaceOnEventListRestricted
 .text.xTaskRemoveFromEventList
                0x08003e94       0x80 Middlewares\Third_Party\FreeRTOS\Source\tasks.o
                0x08003e94                xTaskRemoveFromEventList
 .text.vTaskSetTimeOutState
                0x08003f14       0x38 Middlewares\Third_Party\FreeRTOS\Source\tasks.o
                0x08003f14                vTaskSetTimeOutState
 .text.vTaskInternalSetTimeOutState
                0x08003f4c       0x18 Middlewares\Third_Party\FreeRTOS\Source\tasks.o
                0x08003f4c                vTaskInternalSetTimeOutState
 .text.xTaskCheckForTimeOut
                0x08003f64       0x78 Middlewares\Third_Party\FreeRTOS\Source\tasks.o
                0x08003f64                xTaskCheckForTimeOut
 .text.vTaskMissedYield
                0x08003fdc        0xc Middlewares\Third_Party\FreeRTOS\Source\tasks.o
                0x08003fdc                vTaskMissedYield
 .text.xTaskGetSchedulerState
                0x08003fe8       0x20 Middlewares\Third_Party\FreeRTOS\Source\tasks.o
                0x08003fe8                xTaskGetSchedulerState
 .text.xTaskPriorityDisinherit
                0x08004008       0x84 Middlewares\Third_Party\FreeRTOS\Source\tasks.o
                0x08004008                xTaskPriorityDisinherit
 .text.prvCheckForValidListAndQueue
                0x0800408c       0x68 Middlewares\Third_Party\FreeRTOS\Source\timers.o
 .text.prvInsertTimerInActiveList
                0x080040f4       0x3c Middlewares\Third_Party\FreeRTOS\Source\timers.o
 .text.xTimerCreateTimerTask
                0x08004130       0x68 Middlewares\Third_Party\FreeRTOS\Source\timers.o
                0x08004130                xTimerCreateTimerTask
 .text.xTimerCreate
                0x08004198       0x4e Middlewares\Third_Party\FreeRTOS\Source\timers.o
                0x08004198                xTimerCreate
 .text.xTimerCreateStatic
                0x080041e6       0x78 Middlewares\Third_Party\FreeRTOS\Source\timers.o
                0x080041e6                xTimerCreateStatic
 *fill*         0x0800425e        0x2 
 .text.xTimerGenericCommand
                0x08004260       0x58 Middlewares\Third_Party\FreeRTOS\Source\timers.o
                0x08004260                xTimerGenericCommand
 .text.prvSwitchTimerLists
                0x080042b8       0x7c Middlewares\Third_Party\FreeRTOS\Source\timers.o
 .text.prvTimerTask
                0x08004334      0x1e4 Middlewares\Third_Party\FreeRTOS\Source\timers.o
 .text.pvTimerGetTimerID
                0x08004518       0x26 Middlewares\Third_Party\FreeRTOS\Source\timers.o
                0x08004518                pvTimerGetTimerID
 .text.Callback01
                0x0800453e        0x2 Src\main.o
                0x0800453e                Callback01
 .text.IR_EXT1  0x08004540       0xd0 Src\main.o
                0x08004540                IR_EXT1
 .text.Can_Tx   0x08004610       0x90 Src\main.o
                0x08004610                Can_Tx
 .text.Temperature
                0x080046a0       0x8c Src\main.o
                0x080046a0                Temperature
 .text.SystemClock_Config
                0x0800472c       0x98 Src\main.o
                0x0800472c                SystemClock_Config
 .text.startup.main
                0x080047c4      0x314 Src\main.o
                0x080047c4                main
 .text.HAL_TIM_PeriodElapsedCallback
                0x08004ad8       0x14 Src\main.o
                0x08004ad8                HAL_TIM_PeriodElapsedCallback
 .text.Error_Handler
                0x08004aec        0x2 Src\main.o
                0x08004aec                Error_Handler
 *fill*         0x08004aee        0x2 
 .text.HAL_MspInit
                0x08004af0       0x44 Src\stm32f4xx_hal_msp.o
                0x08004af0                HAL_MspInit
 .text.HAL_ADC_MspInit
                0x08004b34       0xb0 Src\stm32f4xx_hal_msp.o
                0x08004b34                HAL_ADC_MspInit
 .text.HAL_CAN_MspInit
                0x08004be4       0x68 Src\stm32f4xx_hal_msp.o
                0x08004be4                HAL_CAN_MspInit
 .text.HAL_TIM_Base_MspInit
                0x08004c4c       0x30 Src\stm32f4xx_hal_msp.o
                0x08004c4c                HAL_TIM_Base_MspInit
 .text.HAL_UART_MspInit
                0x08004c7c       0xe0 Src\stm32f4xx_hal_msp.o
                0x08004c7c                HAL_UART_MspInit
 .text.HAL_InitTick
                0x08004d5c       0x7c Src\stm32f4xx_hal_timebase_tim.o
                0x08004d5c                HAL_InitTick
 .text.NMI_Handler
                0x08004dd8        0x2 Src\stm32f4xx_it.o
                0x08004dd8                NMI_Handler
 .text.HardFault_Handler
                0x08004dda        0x2 Src\stm32f4xx_it.o
                0x08004dda                HardFault_Handler
 .text.MemManage_Handler
                0x08004ddc        0x2 Src\stm32f4xx_it.o
                0x08004ddc                MemManage_Handler
 .text.BusFault_Handler
                0x08004dde        0x2 Src\stm32f4xx_it.o
                0x08004dde                BusFault_Handler
 .text.UsageFault_Handler
                0x08004de0        0x2 Src\stm32f4xx_it.o
                0x08004de0                UsageFault_Handler
 .text.DebugMon_Handler
                0x08004de2        0x2 Src\stm32f4xx_it.o
                0x08004de2                DebugMon_Handler
 .text.EXTI0_IRQHandler
                0x08004de4        0x6 Src\stm32f4xx_it.o
                0x08004de4                EXTI0_IRQHandler
 *fill*         0x08004dea        0x2 
 .text.DMA1_Stream5_IRQHandler
                0x08004dec        0xc Src\stm32f4xx_it.o
                0x08004dec                DMA1_Stream5_IRQHandler
 .text.DMA1_Stream6_IRQHandler
                0x08004df8        0xc Src\stm32f4xx_it.o
                0x08004df8                DMA1_Stream6_IRQHandler
 .text.ADC_IRQHandler
                0x08004e04        0xc Src\stm32f4xx_it.o
                0x08004e04                ADC_IRQHandler
 .text.TIM1_UP_TIM10_IRQHandler
                0x08004e10        0xc Src\stm32f4xx_it.o
                0x08004e10                TIM1_UP_TIM10_IRQHandler
 .text.DMA2_Stream0_IRQHandler
                0x08004e1c        0xc Src\stm32f4xx_it.o
                0x08004e1c                DMA2_Stream0_IRQHandler
 .text.SystemInit
                0x08004e28       0x1c Src\system_stm32f4xx.o
                0x08004e28                SystemInit
 .text.Reset_Handler
                0x08004e44       0x50 startup\startup_stm32f407xx.o
                0x08004e44                Reset_Handler
 .text.Default_Handler
                0x08004e94        0x2 startup\startup_stm32f407xx.o
                0x08004e94                RTC_Alarm_IRQHandler
                0x08004e94                HASH_RNG_IRQHandler
                0x08004e94                EXTI2_IRQHandler
                0x08004e94                TIM8_CC_IRQHandler
                0x08004e94                TIM1_CC_IRQHandler
                0x08004e94                DMA2_Stream5_IRQHandler
                0x08004e94                PVD_IRQHandler
                0x08004e94                SDIO_IRQHandler
                0x08004e94                TAMP_STAMP_IRQHandler
                0x08004e94                CAN2_RX1_IRQHandler
                0x08004e94                EXTI3_IRQHandler
                0x08004e94                TIM8_TRG_COM_TIM14_IRQHandler
                0x08004e94                TIM8_UP_TIM13_IRQHandler
                0x08004e94                I2C3_ER_IRQHandler
                0x08004e94                I2C2_EV_IRQHandler
                0x08004e94                DMA1_Stream2_IRQHandler
                0x08004e94                CAN1_RX0_IRQHandler
                0x08004e94                FPU_IRQHandler
                0x08004e94                OTG_HS_WKUP_IRQHandler
                0x08004e94                CAN2_SCE_IRQHandler
                0x08004e94                DMA2_Stream2_IRQHandler
                0x08004e94                SPI1_IRQHandler
                0x08004e94                TIM6_DAC_IRQHandler
                0x08004e94                TIM1_BRK_TIM9_IRQHandler
                0x08004e94                DCMI_IRQHandler
                0x08004e94                CAN2_RX0_IRQHandler
                0x08004e94                DMA2_Stream3_IRQHandler
                0x08004e94                USART6_IRQHandler
                0x08004e94                USART3_IRQHandler
                0x08004e94                CAN1_RX1_IRQHandler
                0x08004e94                UART5_IRQHandler
                0x08004e94                TIM4_IRQHandler
                0x08004e94                I2C1_EV_IRQHandler
                0x08004e94                DMA1_Stream1_IRQHandler
                0x08004e94                UART4_IRQHandler
                0x08004e94                TIM3_IRQHandler
                0x08004e94                RCC_IRQHandler
                0x08004e94                TIM8_BRK_TIM12_IRQHandler
                0x08004e94                Default_Handler
                0x08004e94                EXTI15_10_IRQHandler
                0x08004e94                DMA1_Stream7_IRQHandler
                0x08004e94                TIM7_IRQHandler
                0x08004e94                CAN2_TX_IRQHandler
                0x08004e94                TIM5_IRQHandler
                0x08004e94                DMA2_Stream7_IRQHandler
                0x08004e94                I2C3_EV_IRQHandler
                0x08004e94                EXTI9_5_IRQHandler
                0x08004e94                RTC_WKUP_IRQHandler
                0x08004e94                ETH_WKUP_IRQHandler
                0x08004e94                SPI2_IRQHandler
                0x08004e94                OTG_HS_EP1_IN_IRQHandler
                0x08004e94                DMA1_Stream0_IRQHandler
                0x08004e94                CAN1_TX_IRQHandler
                0x08004e94                EXTI4_IRQHandler
                0x08004e94                FSMC_IRQHandler
                0x08004e94                ETH_IRQHandler
                0x08004e94                OTG_HS_EP1_OUT_IRQHandler
                0x08004e94                WWDG_IRQHandler
                0x08004e94                TIM2_IRQHandler
                0x08004e94                OTG_FS_WKUP_IRQHandler
                0x08004e94                TIM1_TRG_COM_TIM11_IRQHandler
                0x08004e94                OTG_HS_IRQHandler
                0x08004e94                EXTI1_IRQHandler
                0x08004e94                USART2_IRQHandler
                0x08004e94                I2C2_ER_IRQHandler
                0x08004e94                DMA2_Stream1_IRQHandler
                0x08004e94                CAN1_SCE_IRQHandler
                0x08004e94                FLASH_IRQHandler
                0x08004e94                DMA2_Stream4_IRQHandler
                0x08004e94                USART1_IRQHandler
                0x08004e94                OTG_FS_IRQHandler
                0x08004e94                SPI3_IRQHandler
                0x08004e94                DMA1_Stream4_IRQHandler
                0x08004e94                I2C1_ER_IRQHandler
                0x08004e94                DMA2_Stream6_IRQHandler
                0x08004e94                DMA1_Stream3_IRQHandler
 *fill*         0x08004e96        0x2 
 .text.__libc_init_array
                0x08004e98       0x48 c:/program files (x86)/atollic/truestudio for stm32 9.3.0/armtools/bin/../lib/gcc/arm-atollic-eabi/6.3.1/../../../../arm-atollic-eabi/lib/armv7e-m/fpu\libc_nano.a(lib_a-init.o)
                0x08004e98                __libc_init_array
 .text.memcpy   0x08004ee0       0x16 c:/program files (x86)/atollic/truestudio for stm32 9.3.0/armtools/bin/../lib/gcc/arm-atollic-eabi/6.3.1/../../../../arm-atollic-eabi/lib/armv7e-m/fpu\libc_nano.a(lib_a-memcpy-stub.o)
                0x08004ee0                memcpy
 .text.memset   0x08004ef6       0x10 c:/program files (x86)/atollic/truestudio for stm32 9.3.0/armtools/bin/../lib/gcc/arm-atollic-eabi/6.3.1/../../../../arm-atollic-eabi/lib/armv7e-m/fpu\libc_nano.a(lib_a-memset.o)
                0x08004ef6                memset
 *(.glue_7)
 .glue_7        0x08004f06        0x0 linker stubs
 *(.glue_7t)
 .glue_7t       0x08004f06        0x0 linker stubs
 *(.eh_frame)
 *fill*         0x08004f06        0x2 
 .eh_frame      0x08004f08        0x0 c:/program files (x86)/atollic/truestudio for stm32 9.3.0/armtools/bin/../lib/gcc/arm-atollic-eabi/6.3.1/armv7e-m/fpu/crtbegin.o
 *(.init)
 .init          0x08004f08        0x4 c:/program files (x86)/atollic/truestudio for stm32 9.3.0/armtools/bin/../lib/gcc/arm-atollic-eabi/6.3.1/armv7e-m/fpu/crti.o
                0x08004f08                _init
 .init          0x08004f0c        0x8 c:/program files (x86)/atollic/truestudio for stm32 9.3.0/armtools/bin/../lib/gcc/arm-atollic-eabi/6.3.1/armv7e-m/fpu/crtn.o
 *(.fini)
 .fini          0x08004f14        0x4 c:/program files (x86)/atollic/truestudio for stm32 9.3.0/armtools/bin/../lib/gcc/arm-atollic-eabi/6.3.1/armv7e-m/fpu/crti.o
                0x08004f14                _fini
 .fini          0x08004f18        0x8 c:/program files (x86)/atollic/truestudio for stm32 9.3.0/armtools/bin/../lib/gcc/arm-atollic-eabi/6.3.1/armv7e-m/fpu/crtn.o
                0x08004f20                . = ALIGN (0x4)
                0x08004f20                _etext = .

.vfp11_veneer   0x08004f20        0x0
 .vfp11_veneer  0x08004f20        0x0 linker stubs

.v4_bx          0x08004f20        0x0
 .v4_bx         0x08004f20        0x0 linker stubs

.iplt           0x08004f20        0x0
 .iplt          0x08004f20        0x0 c:/program files (x86)/atollic/truestudio for stm32 9.3.0/armtools/bin/../lib/gcc/arm-atollic-eabi/6.3.1/armv7e-m/fpu/crtbegin.o

.rodata         0x08004f20      0x16c
                0x08004f20                . = ALIGN (0x4)
 *(.rodata)
 *(.rodata*)
 .rodata.flagBitshiftOffset.8256
                0x08004f20        0x8 Drivers\STM32F4xx_HAL_Driver\Src\stm32f4xx_hal_dma.o
 .rodata.vTaskStartScheduler.str1.1
                0x08004f28        0x5 Middlewares\Third_Party\FreeRTOS\Source\tasks.o
 .rodata.prvCheckForValidListAndQueue.str1.1
                0x08004f2d        0x5 Middlewares\Third_Party\FreeRTOS\Source\timers.o
 .rodata.xTimerCreateTimerTask.str1.1
                0x08004f32        0x8 Middlewares\Third_Party\FreeRTOS\Source\timers.o
 .rodata.Can_Tx.str1.1
                0x08004f3a        0xe Src\main.o
 .rodata.Can_Tx_attributes
                0x08004f48       0x24 Src\main.o
                0x08004f48                Can_Tx_attributes
 .rodata.IR_EXT1.str1.1
                0x08004f6c       0x1b Src\main.o
 *fill*         0x08004f87        0x1 
 .rodata.IR_EXT1_attributes
                0x08004f88       0x24 Src\main.o
                0x08004f88                IR_EXT1_attributes
 .rodata.Temperature.str1.1
                0x08004fac        0xa Src\main.o
 *fill*         0x08004fb6        0x2 
 .rodata.Temperature_attributes
                0x08004fb8       0x24 Src\main.o
                0x08004fb8                Temperature_attributes
 .rodata.main.str1.1
                0x08004fdc       0x22 Src\main.o
 *fill*         0x08004ffe        0x2 
 .rodata.myBinarySem01_attributes
                0x08005000       0x10 Src\main.o
                0x08005000                myBinarySem01_attributes
 .rodata.myCountingSem01_attributes
                0x08005010       0x10 Src\main.o
                0x08005010                myCountingSem01_attributes
 .rodata.myTimer01_attributes
                0x08005020       0x10 Src\main.o
                0x08005020                myTimer01_attributes
 .rodata.str1.1
                0x08005030       0x43 Src\main.o
 .rodata.AHBPrescTable
                0x08005073       0x10 Src\system_stm32f4xx.o
                0x08005073                AHBPrescTable
 .rodata.APBPrescTable
                0x08005083        0x8 Src\system_stm32f4xx.o
                0x08005083                APBPrescTable
                0x0800508c                . = ALIGN (0x4)
 *fill*         0x0800508b        0x1 

.ARM.extab
 *(.ARM.extab* .gnu.linkonce.armextab.*)

.ARM            0x0800508c        0x8
                0x0800508c                __exidx_start = .
 *(.ARM.exidx*)
 .ARM.exidx     0x0800508c        0x8 c:/program files (x86)/atollic/truestudio for stm32 9.3.0/armtools/bin/../lib/gcc/arm-atollic-eabi/6.3.1/armv7e-m/fpu\libgcc.a(_udivmoddi4.o)
                0x08005094                __exidx_end = .

.rel.dyn        0x08005094        0x0
 .rel.iplt      0x08005094        0x0 c:/program files (x86)/atollic/truestudio for stm32 9.3.0/armtools/bin/../lib/gcc/arm-atollic-eabi/6.3.1/armv7e-m/fpu/crtbegin.o

.preinit_array  0x08005094        0x0
                0x08005094                PROVIDE (__preinit_array_start, .)
 *(.preinit_array*)
                0x08005094                PROVIDE (__preinit_array_end, .)

.init_array     0x08005094        0x4
                0x08005094                PROVIDE (__init_array_start, .)
 *(SORT(.init_array.*))
 *(.init_array*)
 .init_array    0x08005094        0x4 c:/program files (x86)/atollic/truestudio for stm32 9.3.0/armtools/bin/../lib/gcc/arm-atollic-eabi/6.3.1/armv7e-m/fpu/crtbegin.o
                0x08005098                PROVIDE (__init_array_end, .)

.fini_array     0x08005098        0x4
                [!provide]                PROVIDE (__fini_array_start, .)
 *(SORT(.fini_array.*))
 *(.fini_array*)
 .fini_array    0x08005098        0x4 c:/program files (x86)/atollic/truestudio for stm32 9.3.0/armtools/bin/../lib/gcc/arm-atollic-eabi/6.3.1/armv7e-m/fpu/crtbegin.o
                [!provide]                PROVIDE (__fini_array_end, .)
                0x0800509c                _sidata = LOADADDR (.data)

.data           0x20000000       0x10 load address 0x0800509c
                0x20000000                . = ALIGN (0x4)
                0x20000000                _sdata = .
 *(.data)
 *(.data*)
 .data.uwTickFreq
                0x20000000        0x1 Drivers\STM32F4xx_HAL_Driver\Src\stm32f4xx_hal.o
                0x20000000                uwTickFreq
 *fill*         0x20000001        0x3 
 .data.uwTickPrio
                0x20000004        0x4 Drivers\STM32F4xx_HAL_Driver\Src\stm32f4xx_hal.o
                0x20000004                uwTickPrio
 .data.uxCriticalNesting
                0x20000008        0x4 Middlewares\Third_Party\FreeRTOS\Source\portable\GCC\ARM_CM4F\port.o
 .data.SystemCoreClock
                0x2000000c        0x4 Src\system_stm32f4xx.o
                0x2000000c                SystemCoreClock
                0x20000010                . = ALIGN (0x4)
                0x20000010                _edata = .
                0x080050ac                _siccmram = LOADADDR (.ccmram)

.igot.plt       0x20000010        0x0 load address 0x080050ac
 .igot.plt      0x20000010        0x0 c:/program files (x86)/atollic/truestudio for stm32 9.3.0/armtools/bin/../lib/gcc/arm-atollic-eabi/6.3.1/armv7e-m/fpu/crtbegin.o

.ccmram         0x10000000        0x0 load address 0x080050ac
                0x10000000                . = ALIGN (0x4)
                0x10000000                _sccmram = .
 *(.ccmram)
 *(.ccmram*)
                0x10000000                . = ALIGN (0x4)
                0x10000000                _eccmram = .
                0x10000000                . = ALIGN (0x4)

.bss            0x20000010     0x4c68
                0x20000010                _sbss = .
                0x20000010                __bss_start__ = _sbss
 *(.bss)
 .bss           0x20000010       0x1c c:/program files (x86)/atollic/truestudio for stm32 9.3.0/armtools/bin/../lib/gcc/arm-atollic-eabi/6.3.1/armv7e-m/fpu/crtbegin.o
 *(.bss*)
 .bss.Idle_Stack
                0x2000002c      0x200 Middlewares\Third_Party\FreeRTOS\Source\CMSIS_RTOS_V2\cmsis_os2.o
 .bss.Idle_TCB  0x2000022c       0x5c Middlewares\Third_Party\FreeRTOS\Source\CMSIS_RTOS_V2\cmsis_os2.o
 .bss.KernelState
                0x20000288        0x4 Middlewares\Third_Party\FreeRTOS\Source\CMSIS_RTOS_V2\cmsis_os2.o
 .bss.Timer_Stack
                0x2000028c      0x400 Middlewares\Third_Party\FreeRTOS\Source\CMSIS_RTOS_V2\cmsis_os2.o
 .bss.Timer_TCB
                0x2000068c       0x5c Middlewares\Third_Party\FreeRTOS\Source\CMSIS_RTOS_V2\cmsis_os2.o
 .bss.ucMaxSysCallPriority
                0x200006e8        0x1 Middlewares\Third_Party\FreeRTOS\Source\portable\GCC\ARM_CM4F\port.o
 *fill*         0x200006e9        0x3 
 .bss.ulMaxPRIGROUPValue
                0x200006ec        0x4 Middlewares\Third_Party\FreeRTOS\Source\portable\GCC\ARM_CM4F\port.o
 .bss.pxEnd     0x200006f0        0x4 Middlewares\Third_Party\FreeRTOS\Source\portable\MemMang\heap_4.o
 .bss.ucHeap    0x200006f4     0x3c00 Middlewares\Third_Party\FreeRTOS\Source\portable\MemMang\heap_4.o
 .bss.xBlockAllocatedBit
                0x200042f4        0x4 Middlewares\Third_Party\FreeRTOS\Source\portable\MemMang\heap_4.o
 .bss.xFreeBytesRemaining
                0x200042f8        0x4 Middlewares\Third_Party\FreeRTOS\Source\portable\MemMang\heap_4.o
 .bss.xMinimumEverFreeBytesRemaining
                0x200042fc        0x4 Middlewares\Third_Party\FreeRTOS\Source\portable\MemMang\heap_4.o
 .bss.xStart    0x20004300        0x8 Middlewares\Third_Party\FreeRTOS\Source\portable\MemMang\heap_4.o
 .bss.pxCurrentTCB
                0x20004308        0x4 Middlewares\Third_Party\FreeRTOS\Source\tasks.o
                0x20004308                pxCurrentTCB
 .bss.pxDelayedTaskList
                0x2000430c        0x4 Middlewares\Third_Party\FreeRTOS\Source\tasks.o
 .bss.pxOverflowDelayedTaskList
                0x20004310        0x4 Middlewares\Third_Party\FreeRTOS\Source\tasks.o
 .bss.pxReadyTasksLists
                0x20004314      0x460 Middlewares\Third_Party\FreeRTOS\Source\tasks.o
 .bss.uxCurrentNumberOfTasks
                0x20004774        0x4 Middlewares\Third_Party\FreeRTOS\Source\tasks.o
 .bss.uxDeletedTasksWaitingCleanUp
                0x20004778        0x4 Middlewares\Third_Party\FreeRTOS\Source\tasks.o
 .bss.uxPendedTicks
                0x2000477c        0x4 Middlewares\Third_Party\FreeRTOS\Source\tasks.o
 .bss.uxSchedulerSuspended
                0x20004780        0x4 Middlewares\Third_Party\FreeRTOS\Source\tasks.o
 .bss.uxTaskNumber
                0x20004784        0x4 Middlewares\Third_Party\FreeRTOS\Source\tasks.o
 .bss.uxTopReadyPriority
                0x20004788        0x4 Middlewares\Third_Party\FreeRTOS\Source\tasks.o
 .bss.xDelayedTaskList1
                0x2000478c       0x14 Middlewares\Third_Party\FreeRTOS\Source\tasks.o
 .bss.xDelayedTaskList2
                0x200047a0       0x14 Middlewares\Third_Party\FreeRTOS\Source\tasks.o
 .bss.xNextTaskUnblockTime
                0x200047b4        0x4 Middlewares\Third_Party\FreeRTOS\Source\tasks.o
 .bss.xNumOfOverflows
                0x200047b8        0x4 Middlewares\Third_Party\FreeRTOS\Source\tasks.o
 .bss.xPendingReadyList
                0x200047bc       0x14 Middlewares\Third_Party\FreeRTOS\Source\tasks.o
 .bss.xSchedulerRunning
                0x200047d0        0x4 Middlewares\Third_Party\FreeRTOS\Source\tasks.o
 .bss.xSuspendedTaskList
                0x200047d4       0x14 Middlewares\Third_Party\FreeRTOS\Source\tasks.o
 .bss.xTasksWaitingTermination
                0x200047e8       0x14 Middlewares\Third_Party\FreeRTOS\Source\tasks.o
 .bss.xTickCount
                0x200047fc        0x4 Middlewares\Third_Party\FreeRTOS\Source\tasks.o
 .bss.xYieldPending
                0x20004800        0x4 Middlewares\Third_Party\FreeRTOS\Source\tasks.o
 .bss.pxCurrentTimerList
                0x20004804        0x4 Middlewares\Third_Party\FreeRTOS\Source\timers.o
 .bss.pxOverflowTimerList
                0x20004808        0x4 Middlewares\Third_Party\FreeRTOS\Source\timers.o
 .bss.ucStaticTimerQueueStorage.6636
                0x2000480c       0xa0 Middlewares\Third_Party\FreeRTOS\Source\timers.o
 .bss.xActiveTimerList1
                0x200048ac       0x14 Middlewares\Third_Party\FreeRTOS\Source\timers.o
 .bss.xActiveTimerList2
                0x200048c0       0x14 Middlewares\Third_Party\FreeRTOS\Source\timers.o
 .bss.xLastTime.6585
                0x200048d4        0x4 Middlewares\Third_Party\FreeRTOS\Source\timers.o
 .bss.xStaticTimerQueue.6635
                0x200048d8       0x50 Middlewares\Third_Party\FreeRTOS\Source\timers.o
 .bss.xTimerQueue
                0x20004928        0x4 Middlewares\Third_Party\FreeRTOS\Source\timers.o
 .bss.xTimerTaskHandle
                0x2000492c        0x4 Middlewares\Third_Party\FreeRTOS\Source\timers.o
 .bss.flag      0x20004930        0x1 Src\main.o
                0x20004930                flag
 *(COMMON)
 *fill*         0x20004931        0x3 
 COMMON         0x20004934        0x4 Drivers\STM32F4xx_HAL_Driver\Src\stm32f4xx_hal.o
                0x20004934                uwTick
 COMMON         0x20004938       0x40 Middlewares\Third_Party\FreeRTOS\Source\queue.o
                0x20004938                xQueueRegistry
 COMMON         0x20004978      0x2c0 Src\main.o
                0x20004978                sFilterConfig
                0x200049a0                hdma_usart2_rx
                0x20004a00                spiRxBuf
                0x20004a02                msg
                0x20004a19                temp
                0x20004a1a                temperature
                0x20004a1c                htim3
                0x20004a5c                hadc1
                0x20004aa4                TemperatureHandle
                0x20004aa8                hdma_usart2_tx
                0x20004b08                IR_data
                0x20004b0c                Can_TxHandle
                0x20004b10                hdma_adc1
                0x20004b70                counter
                0x20004b74                myCountingSem01Handle
                0x20004b78                TxData
                0x20004b80                myTimer01Handle
                0x20004b84                myBinarySem01Handle
                0x20004b88                adcval1
                0x20004b8c                TxMailbox
                0x20004b90                speed
                0x20004b94                huart2
                0x20004bd4                hcan1
                0x20004bfc                TxHeader
                0x20004c14                RxHeader
                0x20004c30                spiTxBuf
                0x20004c34                IR_EXT1Handle
 COMMON         0x20004c38       0x40 Src\stm32f4xx_hal_timebase_tim.o
                0x20004c38                htim1
                0x20004c78                . = ALIGN (0x4)
                0x20004c78                _ebss = .
                0x20004c78                __bss_end__ = _ebss

._user_heap_stack
                0x20004c78      0x600
                0x20004c78                . = ALIGN (0x4)
                0x20004c78                PROVIDE (end, .)
                [!provide]                PROVIDE (_end, .)
                0x20004e78                . = (. + _Min_Heap_Size)
 *fill*         0x20004c78      0x200 
                0x20005278                . = (. + _Min_Stack_Size)
 *fill*         0x20004e78      0x400 
                0x20005278                . = ALIGN (0x4)

/DISCARD/
 libc.a(*)
 libm.a(*)
 libgcc.a(*)

.ARM.attributes
                0x00000000       0x30
 *(.ARM.attributes)
 .ARM.attributes
                0x00000000       0x22 c:/program files (x86)/atollic/truestudio for stm32 9.3.0/armtools/bin/../lib/gcc/arm-atollic-eabi/6.3.1/armv7e-m/fpu/crti.o
 .ARM.attributes
                0x00000022       0x34 c:/program files (x86)/atollic/truestudio for stm32 9.3.0/armtools/bin/../lib/gcc/arm-atollic-eabi/6.3.1/armv7e-m/fpu/crtbegin.o
 .ARM.attributes
                0x00000056       0x39 Drivers\STM32F4xx_HAL_Driver\Src\stm32f4xx_hal.o
 .ARM.attributes
                0x0000008f       0x39 Drivers\STM32F4xx_HAL_Driver\Src\stm32f4xx_hal_adc.o
 .ARM.attributes
                0x000000c8       0x39 Drivers\STM32F4xx_HAL_Driver\Src\stm32f4xx_hal_adc_ex.o
 .ARM.attributes
                0x00000101       0x39 Drivers\STM32F4xx_HAL_Driver\Src\stm32f4xx_hal_can.o
 .ARM.attributes
                0x0000013a       0x39 Drivers\STM32F4xx_HAL_Driver\Src\stm32f4xx_hal_cortex.o
 .ARM.attributes
                0x00000173       0x39 Drivers\STM32F4xx_HAL_Driver\Src\stm32f4xx_hal_dma.o
 .ARM.attributes
                0x000001ac       0x39 Drivers\STM32F4xx_HAL_Driver\Src\stm32f4xx_hal_gpio.o
 .ARM.attributes
                0x000001e5       0x39 Drivers\STM32F4xx_HAL_Driver\Src\stm32f4xx_hal_rcc.o
 .ARM.attributes
                0x0000021e       0x39 Drivers\STM32F4xx_HAL_Driver\Src\stm32f4xx_hal_tim.o
 .ARM.attributes
                0x00000257       0x39 Drivers\STM32F4xx_HAL_Driver\Src\stm32f4xx_hal_tim_ex.o
 .ARM.attributes
                0x00000290       0x39 Drivers\STM32F4xx_HAL_Driver\Src\stm32f4xx_hal_uart.o
 .ARM.attributes
                0x000002c9       0x39 Middlewares\Third_Party\FreeRTOS\Source\CMSIS_RTOS_V2\cmsis_os2.o
 .ARM.attributes
                0x00000302       0x39 Middlewares\Third_Party\FreeRTOS\Source\list.o
 .ARM.attributes
                0x0000033b       0x39 Middlewares\Third_Party\FreeRTOS\Source\portable\GCC\ARM_CM4F\port.o
 .ARM.attributes
                0x00000374       0x39 Middlewares\Third_Party\FreeRTOS\Source\portable\MemMang\heap_4.o
 .ARM.attributes
                0x000003ad       0x39 Middlewares\Third_Party\FreeRTOS\Source\queue.o
 .ARM.attributes
                0x000003e6       0x39 Middlewares\Third_Party\FreeRTOS\Source\tasks.o
 .ARM.attributes
                0x0000041f       0x39 Middlewares\Third_Party\FreeRTOS\Source\timers.o
 .ARM.attributes
                0x00000458       0x39 Src\main.o
 .ARM.attributes
                0x00000491       0x39 Src\stm32f4xx_hal_msp.o
 .ARM.attributes
                0x000004ca       0x39 Src\stm32f4xx_hal_timebase_tim.o
 .ARM.attributes
                0x00000503       0x39 Src\stm32f4xx_it.o
 .ARM.attributes
                0x0000053c       0x39 Src\system_stm32f4xx.o
 .ARM.attributes
                0x00000575       0x21 startup\startup_stm32f407xx.o
 .ARM.attributes
                0x00000596       0x34 c:/program files (x86)/atollic/truestudio for stm32 9.3.0/armtools/bin/../lib/gcc/arm-atollic-eabi/6.3.1/../../../../arm-atollic-eabi/lib/armv7e-m/fpu\libc_nano.a(lib_a-init.o)
 .ARM.attributes
                0x000005ca       0x34 c:/program files (x86)/atollic/truestudio for stm32 9.3.0/armtools/bin/../lib/gcc/arm-atollic-eabi/6.3.1/../../../../arm-atollic-eabi/lib/armv7e-m/fpu\libc_nano.a(lib_a-memcpy-stub.o)
 .ARM.attributes
                0x000005fe       0x34 c:/program files (x86)/atollic/truestudio for stm32 9.3.0/armtools/bin/../lib/gcc/arm-atollic-eabi/6.3.1/../../../../arm-atollic-eabi/lib/armv7e-m/fpu\libc_nano.a(lib_a-memset.o)
 .ARM.attributes
                0x00000632       0x22 c:/program files (x86)/atollic/truestudio for stm32 9.3.0/armtools/bin/../lib/gcc/arm-atollic-eabi/6.3.1/armv7e-m/fpu\libgcc.a(_arm_addsubdf3.o)
 .ARM.attributes
                0x00000654       0x22 c:/program files (x86)/atollic/truestudio for stm32 9.3.0/armtools/bin/../lib/gcc/arm-atollic-eabi/6.3.1/armv7e-m/fpu\libgcc.a(_arm_muldivdf3.o)
 .ARM.attributes
                0x00000676       0x22 c:/program files (x86)/atollic/truestudio for stm32 9.3.0/armtools/bin/../lib/gcc/arm-atollic-eabi/6.3.1/armv7e-m/fpu\libgcc.a(_arm_fixunsdfsi.o)
 .ARM.attributes
                0x00000698       0x22 c:/program files (x86)/atollic/truestudio for stm32 9.3.0/armtools/bin/../lib/gcc/arm-atollic-eabi/6.3.1/armv7e-m/fpu\libgcc.a(_aeabi_uldivmod.o)
 .ARM.attributes
                0x000006ba       0x34 c:/program files (x86)/atollic/truestudio for stm32 9.3.0/armtools/bin/../lib/gcc/arm-atollic-eabi/6.3.1/armv7e-m/fpu\libgcc.a(_udivmoddi4.o)
 .ARM.attributes
                0x000006ee       0x22 c:/program files (x86)/atollic/truestudio for stm32 9.3.0/armtools/bin/../lib/gcc/arm-atollic-eabi/6.3.1/armv7e-m/fpu\libgcc.a(_dvmd_tls.o)
 .ARM.attributes
                0x00000710       0x22 c:/program files (x86)/atollic/truestudio for stm32 9.3.0/armtools/bin/../lib/gcc/arm-atollic-eabi/6.3.1/armv7e-m/fpu/crtn.o
OUTPUT(Combi1.elf elf32-littlearm)

.debug_info     0x00000000    0x20ea3
 .debug_info    0x00000000      0xa14 Drivers\STM32F4xx_HAL_Driver\Src\stm32f4xx_hal.o
 .debug_info    0x00000a14      0xe02 Drivers\STM32F4xx_HAL_Driver\Src\stm32f4xx_hal_adc.o
 .debug_info    0x00001816      0xc23 Drivers\STM32F4xx_HAL_Driver\Src\stm32f4xx_hal_adc_ex.o
 .debug_info    0x00002439     0x10ff Drivers\STM32F4xx_HAL_Driver\Src\stm32f4xx_hal_can.o
 .debug_info    0x00003538      0xf8a Drivers\STM32F4xx_HAL_Driver\Src\stm32f4xx_hal_cortex.o
 .debug_info    0x000044c2      0xa9d Drivers\STM32F4xx_HAL_Driver\Src\stm32f4xx_hal_dma.o
 .debug_info    0x00004f5f      0x7c6 Drivers\STM32F4xx_HAL_Driver\Src\stm32f4xx_hal_gpio.o
 .debug_info    0x00005725      0xaad Drivers\STM32F4xx_HAL_Driver\Src\stm32f4xx_hal_rcc.o
 .debug_info    0x000061d2     0x3521 Drivers\STM32F4xx_HAL_Driver\Src\stm32f4xx_hal_tim.o
 .debug_info    0x000096f3     0x134f Drivers\STM32F4xx_HAL_Driver\Src\stm32f4xx_hal_tim_ex.o
 .debug_info    0x0000aa42     0x16b0 Drivers\STM32F4xx_HAL_Driver\Src\stm32f4xx_hal_uart.o
 .debug_info    0x0000c0f2     0x4990 Middlewares\Third_Party\FreeRTOS\Source\CMSIS_RTOS_V2\cmsis_os2.o
 .debug_info    0x00010a82      0xac5 Middlewares\Third_Party\FreeRTOS\Source\list.o
 .debug_info    0x00011547      0x572 Middlewares\Third_Party\FreeRTOS\Source\portable\GCC\ARM_CM4F\port.o
 .debug_info    0x00011ab9      0xca5 Middlewares\Third_Party\FreeRTOS\Source\portable\MemMang\heap_4.o
 .debug_info    0x0001275e     0x2ce4 Middlewares\Third_Party\FreeRTOS\Source\queue.o
 .debug_info    0x00015442     0x3604 Middlewares\Third_Party\FreeRTOS\Source\tasks.o
 .debug_info    0x00018a46     0x2109 Middlewares\Third_Party\FreeRTOS\Source\timers.o
 .debug_info    0x0001ab4f     0x2fe7 Src\main.o
 .debug_info    0x0001db36     0x1794 Src\stm32f4xx_hal_msp.o
 .debug_info    0x0001f2ca      0xbf1 Src\stm32f4xx_hal_timebase_tim.o
 .debug_info    0x0001febb      0xa11 Src\stm32f4xx_it.o
 .debug_info    0x000208cc      0x55b Src\system_stm32f4xx.o
 .debug_info    0x00020e27       0x7c startup\startup_stm32f407xx.o

.debug_abbrev   0x00000000     0x40b7
 .debug_abbrev  0x00000000      0x239 Drivers\STM32F4xx_HAL_Driver\Src\stm32f4xx_hal.o
 .debug_abbrev  0x00000239      0x2bf Drivers\STM32F4xx_HAL_Driver\Src\stm32f4xx_hal_adc.o
 .debug_abbrev  0x000004f8      0x284 Drivers\STM32F4xx_HAL_Driver\Src\stm32f4xx_hal_adc_ex.o
 .debug_abbrev  0x0000077c      0x2c4 Drivers\STM32F4xx_HAL_Driver\Src\stm32f4xx_hal_can.o
 .debug_abbrev  0x00000a40      0x314 Drivers\STM32F4xx_HAL_Driver\Src\stm32f4xx_hal_cortex.o
 .debug_abbrev  0x00000d54      0x2e8 Drivers\STM32F4xx_HAL_Driver\Src\stm32f4xx_hal_dma.o
 .debug_abbrev  0x0000103c      0x1ef Drivers\STM32F4xx_HAL_Driver\Src\stm32f4xx_hal_gpio.o
 .debug_abbrev  0x0000122b      0x2cb Drivers\STM32F4xx_HAL_Driver\Src\stm32f4xx_hal_rcc.o
 .debug_abbrev  0x000014f6      0x324 Drivers\STM32F4xx_HAL_Driver\Src\stm32f4xx_hal_tim.o
 .debug_abbrev  0x0000181a      0x29c Drivers\STM32F4xx_HAL_Driver\Src\stm32f4xx_hal_tim_ex.o
 .debug_abbrev  0x00001ab6      0x313 Drivers\STM32F4xx_HAL_Driver\Src\stm32f4xx_hal_uart.o
 .debug_abbrev  0x00001dc9      0x472 Middlewares\Third_Party\FreeRTOS\Source\CMSIS_RTOS_V2\cmsis_os2.o
 .debug_abbrev  0x0000223b      0x1ea Middlewares\Third_Party\FreeRTOS\Source\list.o
 .debug_abbrev  0x00002425      0x23a Middlewares\Third_Party\FreeRTOS\Source\portable\GCC\ARM_CM4F\port.o
 .debug_abbrev  0x0000265f      0x314 Middlewares\Third_Party\FreeRTOS\Source\portable\MemMang\heap_4.o
 .debug_abbrev  0x00002973      0x3fb Middlewares\Third_Party\FreeRTOS\Source\queue.o
 .debug_abbrev  0x00002d6e      0x433 Middlewares\Third_Party\FreeRTOS\Source\tasks.o
 .debug_abbrev  0x000031a1      0x3de Middlewares\Third_Party\FreeRTOS\Source\timers.o
 .debug_abbrev  0x0000357f      0x3b0 Src\main.o
 .debug_abbrev  0x0000392f      0x28b Src\stm32f4xx_hal_msp.o
 .debug_abbrev  0x00003bba      0x1e7 Src\stm32f4xx_hal_timebase_tim.o
 .debug_abbrev  0x00003da1      0x1de Src\stm32f4xx_it.o
 .debug_abbrev  0x00003f7f      0x126 Src\system_stm32f4xx.o
 .debug_abbrev  0x000040a5       0x12 startup\startup_stm32f407xx.o

.debug_loc      0x00000000     0xea45
 .debug_loc     0x00000000      0x12e Drivers\STM32F4xx_HAL_Driver\Src\stm32f4xx_hal.o
 .debug_loc     0x0000012e      0x7aa Drivers\STM32F4xx_HAL_Driver\Src\stm32f4xx_hal_adc.o
 .debug_loc     0x000008d8      0x7a8 Drivers\STM32F4xx_HAL_Driver\Src\stm32f4xx_hal_adc_ex.o
 .debug_loc     0x00001080      0xa46 Drivers\STM32F4xx_HAL_Driver\Src\stm32f4xx_hal_can.o
 .debug_loc     0x00001ac6      0x4fb Drivers\STM32F4xx_HAL_Driver\Src\stm32f4xx_hal_cortex.o
 .debug_loc     0x00001fc1      0x727 Drivers\STM32F4xx_HAL_Driver\Src\stm32f4xx_hal_dma.o
 .debug_loc     0x000026e8      0x357 Drivers\STM32F4xx_HAL_Driver\Src\stm32f4xx_hal_gpio.o
 .debug_loc     0x00002a3f      0x346 Drivers\STM32F4xx_HAL_Driver\Src\stm32f4xx_hal_rcc.o
 .debug_loc     0x00002d85     0x3009 Drivers\STM32F4xx_HAL_Driver\Src\stm32f4xx_hal_tim.o
 .debug_loc     0x00005d8e      0xa7c Drivers\STM32F4xx_HAL_Driver\Src\stm32f4xx_hal_tim_ex.o
 .debug_loc     0x0000680a     0x1350 Drivers\STM32F4xx_HAL_Driver\Src\stm32f4xx_hal_uart.o
 .debug_loc     0x00007b5a     0x2b0d Middlewares\Third_Party\FreeRTOS\Source\CMSIS_RTOS_V2\cmsis_os2.o
 .debug_loc     0x0000a667       0x94 Middlewares\Third_Party\FreeRTOS\Source\list.o
 .debug_loc     0x0000a6fb       0xcf Middlewares\Third_Party\FreeRTOS\Source\portable\GCC\ARM_CM4F\port.o
 .debug_loc     0x0000a7ca      0x390 Middlewares\Third_Party\FreeRTOS\Source\portable\MemMang\heap_4.o
 .debug_loc     0x0000ab5a     0x14f2 Middlewares\Third_Party\FreeRTOS\Source\queue.o
 .debug_loc     0x0000c04c     0x1aa5 Middlewares\Third_Party\FreeRTOS\Source\tasks.o
 .debug_loc     0x0000daf1      0xbe6 Middlewares\Third_Party\FreeRTOS\Source\timers.o
 .debug_loc     0x0000e6d7       0x8f Src\main.o
 .debug_loc     0x0000e766      0x11e Src\stm32f4xx_hal_msp.o
 .debug_loc     0x0000e884       0xa5 Src\stm32f4xx_hal_timebase_tim.o
 .debug_loc     0x0000e929      0x11c Src\system_stm32f4xx.o

.debug_aranges  0x00000000     0x1280
 .debug_aranges
                0x00000000       0xe8 Drivers\STM32F4xx_HAL_Driver\Src\stm32f4xx_hal.o
 .debug_aranges
                0x000000e8       0xb8 Drivers\STM32F4xx_HAL_Driver\Src\stm32f4xx_hal_adc.o
 .debug_aranges
                0x000001a0       0x90 Drivers\STM32F4xx_HAL_Driver\Src\stm32f4xx_hal_adc_ex.o
 .debug_aranges
                0x00000230       0xc8 Drivers\STM32F4xx_HAL_Driver\Src\stm32f4xx_hal_can.o
 .debug_aranges
                0x000002f8       0xa8 Drivers\STM32F4xx_HAL_Driver\Src\stm32f4xx_hal_cortex.o
 .debug_aranges
                0x000003a0       0x80 Drivers\STM32F4xx_HAL_Driver\Src\stm32f4xx_hal_dma.o
 .debug_aranges
                0x00000420       0x58 Drivers\STM32F4xx_HAL_Driver\Src\stm32f4xx_hal_gpio.o
 .debug_aranges
                0x00000478       0x88 Drivers\STM32F4xx_HAL_Driver\Src\stm32f4xx_hal_rcc.o
 .debug_aranges
                0x00000500      0x278 Drivers\STM32F4xx_HAL_Driver\Src\stm32f4xx_hal_tim.o
 .debug_aranges
                0x00000778       0xf8 Drivers\STM32F4xx_HAL_Driver\Src\stm32f4xx_hal_tim_ex.o
 .debug_aranges
                0x00000870      0x170 Drivers\STM32F4xx_HAL_Driver\Src\stm32f4xx_hal_uart.o
 .debug_aranges
                0x000009e0      0x218 Middlewares\Third_Party\FreeRTOS\Source\CMSIS_RTOS_V2\cmsis_os2.o
 .debug_aranges
                0x00000bf8       0x40 Middlewares\Third_Party\FreeRTOS\Source\list.o
 .debug_aranges
                0x00000c38       0x80 Middlewares\Third_Party\FreeRTOS\Source\portable\GCC\ARM_CM4F\port.o
 .debug_aranges
                0x00000cb8       0x48 Middlewares\Third_Party\FreeRTOS\Source\portable\MemMang\heap_4.o
 .debug_aranges
                0x00000d00      0x140 Middlewares\Third_Party\FreeRTOS\Source\queue.o
 .debug_aranges
                0x00000e40      0x1e8 Middlewares\Third_Party\FreeRTOS\Source\tasks.o
 .debug_aranges
                0x00001028       0xb0 Middlewares\Third_Party\FreeRTOS\Source\timers.o
 .debug_aranges
                0x000010d8       0x58 Src\main.o
 .debug_aranges
                0x00001130       0x60 Src\stm32f4xx_hal_msp.o
 .debug_aranges
                0x00001190       0x30 Src\stm32f4xx_hal_timebase_tim.o
 .debug_aranges
                0x000011c0       0x70 Src\stm32f4xx_it.o
 .debug_aranges
                0x00001230       0x28 Src\system_stm32f4xx.o
 .debug_aranges
                0x00001258       0x28 startup\startup_stm32f407xx.o

.debug_ranges   0x00000000     0x17b8
 .debug_ranges  0x00000000       0xd8 Drivers\STM32F4xx_HAL_Driver\Src\stm32f4xx_hal.o
 .debug_ranges  0x000000d8       0xc8 Drivers\STM32F4xx_HAL_Driver\Src\stm32f4xx_hal_adc.o
 .debug_ranges  0x000001a0       0x80 Drivers\STM32F4xx_HAL_Driver\Src\stm32f4xx_hal_adc_ex.o
 .debug_ranges  0x00000220       0xb8 Drivers\STM32F4xx_HAL_Driver\Src\stm32f4xx_hal_can.o
 .debug_ranges  0x000002d8      0x128 Drivers\STM32F4xx_HAL_Driver\Src\stm32f4xx_hal_cortex.o
 .debug_ranges  0x00000400       0xc8 Drivers\STM32F4xx_HAL_Driver\Src\stm32f4xx_hal_dma.o
 .debug_ranges  0x000004c8       0x68 Drivers\STM32F4xx_HAL_Driver\Src\stm32f4xx_hal_gpio.o
 .debug_ranges  0x00000530       0xb0 Drivers\STM32F4xx_HAL_Driver\Src\stm32f4xx_hal_rcc.o
 .debug_ranges  0x000005e0      0x340 Drivers\STM32F4xx_HAL_Driver\Src\stm32f4xx_hal_tim.o
 .debug_ranges  0x00000920       0xe8 Drivers\STM32F4xx_HAL_Driver\Src\stm32f4xx_hal_tim_ex.o
 .debug_ranges  0x00000a08      0x178 Drivers\STM32F4xx_HAL_Driver\Src\stm32f4xx_hal_uart.o
 .debug_ranges  0x00000b80      0x208 Middlewares\Third_Party\FreeRTOS\Source\CMSIS_RTOS_V2\cmsis_os2.o
 .debug_ranges  0x00000d88       0x30 Middlewares\Third_Party\FreeRTOS\Source\list.o
 .debug_ranges  0x00000db8       0x70 Middlewares\Third_Party\FreeRTOS\Source\portable\GCC\ARM_CM4F\port.o
 .debug_ranges  0x00000e28       0x38 Middlewares\Third_Party\FreeRTOS\Source\portable\MemMang\heap_4.o
 .debug_ranges  0x00000e60      0x270 Middlewares\Third_Party\FreeRTOS\Source\queue.o
 .debug_ranges  0x000010d0      0x298 Middlewares\Third_Party\FreeRTOS\Source\tasks.o
 .debug_ranges  0x00001368      0x170 Middlewares\Third_Party\FreeRTOS\Source\timers.o
 .debug_ranges  0x000014d8      0x158 Src\main.o
 .debug_ranges  0x00001630       0xb0 Src\stm32f4xx_hal_msp.o
 .debug_ranges  0x000016e0       0x40 Src\stm32f4xx_hal_timebase_tim.o
 .debug_ranges  0x00001720       0x60 Src\stm32f4xx_it.o
 .debug_ranges  0x00001780       0x18 Src\system_stm32f4xx.o
 .debug_ranges  0x00001798       0x20 startup\startup_stm32f407xx.o

.debug_line     0x00000000     0x9ec2
 .debug_line    0x00000000      0x420 Drivers\STM32F4xx_HAL_Driver\Src\stm32f4xx_hal.o
 .debug_line    0x00000420      0x71c Drivers\STM32F4xx_HAL_Driver\Src\stm32f4xx_hal_adc.o
 .debug_line    0x00000b3c      0x599 Drivers\STM32F4xx_HAL_Driver\Src\stm32f4xx_hal_adc_ex.o
 .debug_line    0x000010d5      0x5f8 Drivers\STM32F4xx_HAL_Driver\Src\stm32f4xx_hal_can.o
 .debug_line    0x000016cd      0x469 Drivers\STM32F4xx_HAL_Driver\Src\stm32f4xx_hal_cortex.o
 .debug_line    0x00001b36      0x56e Drivers\STM32F4xx_HAL_Driver\Src\stm32f4xx_hal_dma.o
 .debug_line    0x000020a4      0x3f2 Drivers\STM32F4xx_HAL_Driver\Src\stm32f4xx_hal_gpio.o
 .debug_line    0x00002496      0x51a Drivers\STM32F4xx_HAL_Driver\Src\stm32f4xx_hal_rcc.o
 .debug_line    0x000029b0     0x1197 Drivers\STM32F4xx_HAL_Driver\Src\stm32f4xx_hal_tim.o
 .debug_line    0x00003b47      0x6b4 Drivers\STM32F4xx_HAL_Driver\Src\stm32f4xx_hal_tim_ex.o
 .debug_line    0x000041fb      0xb95 Drivers\STM32F4xx_HAL_Driver\Src\stm32f4xx_hal_uart.o
 .debug_line    0x00004d90     0x1434 Middlewares\Third_Party\FreeRTOS\Source\CMSIS_RTOS_V2\cmsis_os2.o
 .debug_line    0x000061c4      0x367 Middlewares\Third_Party\FreeRTOS\Source\list.o
 .debug_line    0x0000652b      0x36b Middlewares\Third_Party\FreeRTOS\Source\portable\GCC\ARM_CM4F\port.o
 .debug_line    0x00006896      0x415 Middlewares\Third_Party\FreeRTOS\Source\portable\MemMang\heap_4.o
 .debug_line    0x00006cab      0xae0 Middlewares\Third_Party\FreeRTOS\Source\queue.o
 .debug_line    0x0000778b      0xe6d Middlewares\Third_Party\FreeRTOS\Source\tasks.o
 .debug_line    0x000085f8      0x664 Middlewares\Third_Party\FreeRTOS\Source\timers.o
 .debug_line    0x00008c5c      0x652 Src\main.o
 .debug_line    0x000092ae      0x3df Src\stm32f4xx_hal_msp.o
 .debug_line    0x0000968d      0x2a3 Src\stm32f4xx_hal_timebase_tim.o
 .debug_line    0x00009930      0x306 Src\stm32f4xx_it.o
 .debug_line    0x00009c36      0x20d Src\system_stm32f4xx.o
 .debug_line    0x00009e43       0x7f startup\startup_stm32f407xx.o

.debug_str      0x00000000     0x7b89
 .debug_str     0x00000000      0xb5d Drivers\STM32F4xx_HAL_Driver\Src\stm32f4xx_hal.o
                                0xbc6 (size before relaxing)
 .debug_str     0x00000b5d      0x69a Drivers\STM32F4xx_HAL_Driver\Src\stm32f4xx_hal_adc.o
                                0xa2e (size before relaxing)
 .debug_str     0x000011f7      0x2df Drivers\STM32F4xx_HAL_Driver\Src\stm32f4xx_hal_adc_ex.o
                                0xa91 (size before relaxing)
 .debug_str     0x000014d6      0x781 Drivers\STM32F4xx_HAL_Driver\Src\stm32f4xx_hal_can.o
                                0xb36 (size before relaxing)
 .debug_str     0x00001c57      0x4a1 Drivers\STM32F4xx_HAL_Driver\Src\stm32f4xx_hal_cortex.o
                                0xd05 (size before relaxing)
 .debug_str     0x000020f8      0x2dd Drivers\STM32F4xx_HAL_Driver\Src\stm32f4xx_hal_dma.o
                                0x851 (size before relaxing)
 .debug_str     0x000023d5      0x1d3 Drivers\STM32F4xx_HAL_Driver\Src\stm32f4xx_hal_gpio.o
                                0x5cb (size before relaxing)
 .debug_str     0x000025a8      0x2f4 Drivers\STM32F4xx_HAL_Driver\Src\stm32f4xx_hal_rcc.o
                                0x7a9 (size before relaxing)
 .debug_str     0x0000289c      0xfd2 Drivers\STM32F4xx_HAL_Driver\Src\stm32f4xx_hal_tim.o
                               0x15a8 (size before relaxing)
 .debug_str     0x0000386e      0x548 Drivers\STM32F4xx_HAL_Driver\Src\stm32f4xx_hal_tim_ex.o
                                0xdc0 (size before relaxing)
 .debug_str     0x00003db6      0x6dd Drivers\STM32F4xx_HAL_Driver\Src\stm32f4xx_hal_uart.o
                                0xd0c (size before relaxing)
 .debug_str     0x00004493     0x1a47 Middlewares\Third_Party\FreeRTOS\Source\CMSIS_RTOS_V2\cmsis_os2.o
                               0x1d22 (size before relaxing)
 .debug_str     0x00005eda      0x143 Middlewares\Third_Party\FreeRTOS\Source\list.o
                                0x757 (size before relaxing)
 .debug_str     0x0000601d      0x250 Middlewares\Third_Party\FreeRTOS\Source\portable\GCC\ARM_CM4F\port.o
                                0x49d (size before relaxing)
 .debug_str     0x0000626d      0x1e8 Middlewares\Third_Party\FreeRTOS\Source\portable\MemMang\heap_4.o
                                0x840 (size before relaxing)
 .debug_str     0x00006455      0x5db Middlewares\Third_Party\FreeRTOS\Source\queue.o
                               0x10c4 (size before relaxing)
 .debug_str     0x00006a30      0x895 Middlewares\Third_Party\FreeRTOS\Source\tasks.o
                               0x16d1 (size before relaxing)
 .debug_str     0x000072c5      0x4d5 Middlewares\Third_Party\FreeRTOS\Source\timers.o
                               0x1048 (size before relaxing)
 .debug_str     0x0000779a      0x248 Src\main.o
                               0x23a3 (size before relaxing)
 .debug_str     0x000079e2       0x25 Src\stm32f4xx_hal_msp.o
                               0x140b (size before relaxing)
 .debug_str     0x00007a07       0x50 Src\stm32f4xx_hal_timebase_tim.o
                                0xe36 (size before relaxing)
 .debug_str     0x00007a57       0xed Src\stm32f4xx_it.o
                                0x9c9 (size before relaxing)
 .debug_str     0x00007b44       0x45 Src\system_stm32f4xx.o
                                0x42f (size before relaxing)

.comment        0x00000000       0x7c
 .comment       0x00000000       0x7c Drivers\STM32F4xx_HAL_Driver\Src\stm32f4xx_hal.o
                                 0x7d (size before relaxing)
 .comment       0x0000007c       0x7d Drivers\STM32F4xx_HAL_Driver\Src\stm32f4xx_hal_adc.o
 .comment       0x0000007c       0x7d Drivers\STM32F4xx_HAL_Driver\Src\stm32f4xx_hal_adc_ex.o
 .comment       0x0000007c       0x7d Drivers\STM32F4xx_HAL_Driver\Src\stm32f4xx_hal_can.o
 .comment       0x0000007c       0x7d Drivers\STM32F4xx_HAL_Driver\Src\stm32f4xx_hal_cortex.o
 .comment       0x0000007c       0x7d Drivers\STM32F4xx_HAL_Driver\Src\stm32f4xx_hal_dma.o
 .comment       0x0000007c       0x7d Drivers\STM32F4xx_HAL_Driver\Src\stm32f4xx_hal_gpio.o
 .comment       0x0000007c       0x7d Drivers\STM32F4xx_HAL_Driver\Src\stm32f4xx_hal_rcc.o
 .comment       0x0000007c       0x7d Drivers\STM32F4xx_HAL_Driver\Src\stm32f4xx_hal_tim.o
 .comment       0x0000007c       0x7d Drivers\STM32F4xx_HAL_Driver\Src\stm32f4xx_hal_tim_ex.o
 .comment       0x0000007c       0x7d Drivers\STM32F4xx_HAL_Driver\Src\stm32f4xx_hal_uart.o
 .comment       0x0000007c       0x7d Middlewares\Third_Party\FreeRTOS\Source\CMSIS_RTOS_V2\cmsis_os2.o
 .comment       0x0000007c       0x7d Middlewares\Third_Party\FreeRTOS\Source\list.o
 .comment       0x0000007c       0x7d Middlewares\Third_Party\FreeRTOS\Source\portable\GCC\ARM_CM4F\port.o
 .comment       0x0000007c       0x7d Middlewares\Third_Party\FreeRTOS\Source\portable\MemMang\heap_4.o
 .comment       0x0000007c       0x7d Middlewares\Third_Party\FreeRTOS\Source\queue.o
 .comment       0x0000007c       0x7d Middlewares\Third_Party\FreeRTOS\Source\tasks.o
 .comment       0x0000007c       0x7d Middlewares\Third_Party\FreeRTOS\Source\timers.o
 .comment       0x0000007c       0x7d Src\main.o
 .comment       0x0000007c       0x7d Src\stm32f4xx_hal_msp.o
 .comment       0x0000007c       0x7d Src\stm32f4xx_hal_timebase_tim.o
 .comment       0x0000007c       0x7d Src\stm32f4xx_it.o
 .comment       0x0000007c       0x7d Src\system_stm32f4xx.o

.debug_frame    0x00000000     0x3848
 .debug_frame   0x00000000      0x1f4 Drivers\STM32F4xx_HAL_Driver\Src\stm32f4xx_hal.o
 .debug_frame   0x000001f4      0x248 Drivers\STM32F4xx_HAL_Driver\Src\stm32f4xx_hal_adc.o
 .debug_frame   0x0000043c      0x160 Drivers\STM32F4xx_HAL_Driver\Src\stm32f4xx_hal_adc_ex.o
 .debug_frame   0x0000059c      0x2cc Drivers\STM32F4xx_HAL_Driver\Src\stm32f4xx_hal_can.o
 .debug_frame   0x00000868      0x158 Drivers\STM32F4xx_HAL_Driver\Src\stm32f4xx_hal_cortex.o
 .debug_frame   0x000009c0      0x150 Drivers\STM32F4xx_HAL_Driver\Src\stm32f4xx_hal_dma.o
 .debug_frame   0x00000b10       0xd8 Drivers\STM32F4xx_HAL_Driver\Src\stm32f4xx_hal_gpio.o
 .debug_frame   0x00000be8      0x13c Drivers\STM32F4xx_HAL_Driver\Src\stm32f4xx_hal_rcc.o
 .debug_frame   0x00000d24      0x928 Drivers\STM32F4xx_HAL_Driver\Src\stm32f4xx_hal_tim.o
 .debug_frame   0x0000164c      0x360 Drivers\STM32F4xx_HAL_Driver\Src\stm32f4xx_hal_tim_ex.o
 .debug_frame   0x000019ac      0x4a0 Drivers\STM32F4xx_HAL_Driver\Src\stm32f4xx_hal_uart.o
 .debug_frame   0x00001e4c      0x65c Middlewares\Third_Party\FreeRTOS\Source\CMSIS_RTOS_V2\cmsis_os2.o
 .debug_frame   0x000024a8       0x6c Middlewares\Third_Party\FreeRTOS\Source\list.o
 .debug_frame   0x00002514       0xfc Middlewares\Third_Party\FreeRTOS\Source\portable\GCC\ARM_CM4F\port.o
 .debug_frame   0x00002610       0x98 Middlewares\Third_Party\FreeRTOS\Source\portable\MemMang\heap_4.o
 .debug_frame   0x000026a8      0x408 Middlewares\Third_Party\FreeRTOS\Source\queue.o
 .debug_frame   0x00002ab0      0x654 Middlewares\Third_Party\FreeRTOS\Source\tasks.o
 .debug_frame   0x00003104      0x218 Middlewares\Third_Party\FreeRTOS\Source\timers.o
 .debug_frame   0x0000331c       0xd4 Src\main.o
 .debug_frame   0x000033f0      0x108 Src\stm32f4xx_hal_msp.o
 .debug_frame   0x000034f8       0x54 Src\stm32f4xx_hal_timebase_tim.o
 .debug_frame   0x0000354c       0xd0 Src\stm32f4xx_it.o
 .debug_frame   0x0000361c       0x38 Src\system_stm32f4xx.o
 .debug_frame   0x00003654       0x2c c:/program files (x86)/atollic/truestudio for stm32 9.3.0/armtools/bin/../lib/gcc/arm-atollic-eabi/6.3.1/../../../../arm-atollic-eabi/lib/armv7e-m/fpu\libc_nano.a(lib_a-init.o)
 .debug_frame   0x00003680       0x28 c:/program files (x86)/atollic/truestudio for stm32 9.3.0/armtools/bin/../lib/gcc/arm-atollic-eabi/6.3.1/../../../../arm-atollic-eabi/lib/armv7e-m/fpu\libc_nano.a(lib_a-memcpy-stub.o)
 .debug_frame   0x000036a8       0x20 c:/program files (x86)/atollic/truestudio for stm32 9.3.0/armtools/bin/../lib/gcc/arm-atollic-eabi/6.3.1/../../../../arm-atollic-eabi/lib/armv7e-m/fpu\libc_nano.a(lib_a-memset.o)
 .debug_frame   0x000036c8       0xac c:/program files (x86)/atollic/truestudio for stm32 9.3.0/armtools/bin/../lib/gcc/arm-atollic-eabi/6.3.1/armv7e-m/fpu\libgcc.a(_arm_addsubdf3.o)
 .debug_frame   0x00003774       0x50 c:/program files (x86)/atollic/truestudio for stm32 9.3.0/armtools/bin/../lib/gcc/arm-atollic-eabi/6.3.1/armv7e-m/fpu\libgcc.a(_arm_muldivdf3.o)
 .debug_frame   0x000037c4       0x24 c:/program files (x86)/atollic/truestudio for stm32 9.3.0/armtools/bin/../lib/gcc/arm-atollic-eabi/6.3.1/armv7e-m/fpu\libgcc.a(_arm_fixunsdfsi.o)
 .debug_frame   0x000037e8       0x2c c:/program files (x86)/atollic/truestudio for stm32 9.3.0/armtools/bin/../lib/gcc/arm-atollic-eabi/6.3.1/armv7e-m/fpu\libgcc.a(_aeabi_uldivmod.o)
 .debug_frame   0x00003814       0x34 c:/program files (x86)/atollic/truestudio for stm32 9.3.0/armtools/bin/../lib/gcc/arm-atollic-eabi/6.3.1/armv7e-m/fpu\libgcc.a(_udivmoddi4.o)
